Archive member included to satisfy reference by file (symbol)

c:/program files (x86)/atollic/truestudio for stm32 9.0.0/armtools/bin/../lib/gcc/arm-atollic-eabi/6.3.1/../../../../arm-atollic-eabi/lib/armv7e-m/fpu\libc_nano.a(lib_a-nano-vfprintf_float.o)
                              (_printf_float)
c:/program files (x86)/atollic/truestudio for stm32 9.0.0/armtools/bin/../lib/gcc/arm-atollic-eabi/6.3.1/../../../../arm-atollic-eabi/lib/armv7e-m/fpu\libc_nano.a(lib_a-nano-vfprintf_i.o)
                              c:/program files (x86)/atollic/truestudio for stm32 9.0.0/armtools/bin/../lib/gcc/arm-atollic-eabi/6.3.1/../../../../arm-atollic-eabi/lib/armv7e-m/fpu\libc_nano.a(lib_a-nano-vfprintf_float.o) (_printf_common)
c:/program files (x86)/atollic/truestudio for stm32 9.0.0/armtools/bin/../lib/gcc/arm-atollic-eabi/6.3.1/../../../../arm-atollic-eabi/lib/armv7e-m/fpu\libc_nano.a(lib_a-strlen.o)
                              c:/program files (x86)/atollic/truestudio for stm32 9.0.0/armtools/bin/../lib/gcc/arm-atollic-eabi/6.3.1/../../../../arm-atollic-eabi/lib/armv7e-m/fpu\libc_nano.a(lib_a-nano-vfprintf_float.o) (strlen)
c:/program files (x86)/atollic/truestudio for stm32 9.0.0/armtools/bin/../lib/gcc/arm-atollic-eabi/6.3.1/../../../../arm-atollic-eabi/lib/armv7e-m/fpu\libc_nano.a(lib_a-dtoa.o)
                              c:/program files (x86)/atollic/truestudio for stm32 9.0.0/armtools/bin/../lib/gcc/arm-atollic-eabi/6.3.1/../../../../arm-atollic-eabi/lib/armv7e-m/fpu\libc_nano.a(lib_a-nano-vfprintf_float.o) (_dtoa_r)
c:/program files (x86)/atollic/truestudio for stm32 9.0.0/armtools/bin/../lib/gcc/arm-atollic-eabi/6.3.1/../../../../arm-atollic-eabi/lib/armv7e-m/fpu\libc_nano.a(lib_a-localeconv.o)
                              c:/program files (x86)/atollic/truestudio for stm32 9.0.0/armtools/bin/../lib/gcc/arm-atollic-eabi/6.3.1/../../../../arm-atollic-eabi/lib/armv7e-m/fpu\libc_nano.a(lib_a-nano-vfprintf_float.o) (_localeconv_r)
c:/program files (x86)/atollic/truestudio for stm32 9.0.0/armtools/bin/../lib/gcc/arm-atollic-eabi/6.3.1/../../../../arm-atollic-eabi/lib/armv7e-m/fpu\libc_nano.a(lib_a-malloc.o)
                              c:/program files (x86)/atollic/truestudio for stm32 9.0.0/armtools/bin/../lib/gcc/arm-atollic-eabi/6.3.1/../../../../arm-atollic-eabi/lib/armv7e-m/fpu\libc_nano.a(lib_a-dtoa.o) (malloc)
c:/program files (x86)/atollic/truestudio for stm32 9.0.0/armtools/bin/../lib/gcc/arm-atollic-eabi/6.3.1/../../../../arm-atollic-eabi/lib/armv7e-m/fpu\libc_nano.a(lib_a-memchr.o)
                              c:/program files (x86)/atollic/truestudio for stm32 9.0.0/armtools/bin/../lib/gcc/arm-atollic-eabi/6.3.1/../../../../arm-atollic-eabi/lib/armv7e-m/fpu\libc_nano.a(lib_a-nano-vfprintf_i.o) (memchr)
c:/program files (x86)/atollic/truestudio for stm32 9.0.0/armtools/bin/../lib/gcc/arm-atollic-eabi/6.3.1/../../../../arm-atollic-eabi/lib/armv7e-m/fpu\libc_nano.a(lib_a-memcpy-stub.o)
                              c:/program files (x86)/atollic/truestudio for stm32 9.0.0/armtools/bin/../lib/gcc/arm-atollic-eabi/6.3.1/../../../../arm-atollic-eabi/lib/armv7e-m/fpu\libc_nano.a(lib_a-dtoa.o) (memcpy)
c:/program files (x86)/atollic/truestudio for stm32 9.0.0/armtools/bin/../lib/gcc/arm-atollic-eabi/6.3.1/../../../../arm-atollic-eabi/lib/armv7e-m/fpu\libc_nano.a(lib_a-mprec.o)
                              c:/program files (x86)/atollic/truestudio for stm32 9.0.0/armtools/bin/../lib/gcc/arm-atollic-eabi/6.3.1/../../../../arm-atollic-eabi/lib/armv7e-m/fpu\libc_nano.a(lib_a-dtoa.o) (_Balloc)
c:/program files (x86)/atollic/truestudio for stm32 9.0.0/armtools/bin/../lib/gcc/arm-atollic-eabi/6.3.1/../../../../arm-atollic-eabi/lib/armv7e-m/fpu\libc_nano.a(lib_a-nano-callocr.o)
                              c:/program files (x86)/atollic/truestudio for stm32 9.0.0/armtools/bin/../lib/gcc/arm-atollic-eabi/6.3.1/../../../../arm-atollic-eabi/lib/armv7e-m/fpu\libc_nano.a(lib_a-mprec.o) (_calloc_r)
c:/program files (x86)/atollic/truestudio for stm32 9.0.0/armtools/bin/../lib/gcc/arm-atollic-eabi/6.3.1/../../../../arm-atollic-eabi/lib/armv7e-m/fpu\libc_nano.a(lib_a-nano-freer.o)
                              c:/program files (x86)/atollic/truestudio for stm32 9.0.0/armtools/bin/../lib/gcc/arm-atollic-eabi/6.3.1/../../../../arm-atollic-eabi/lib/armv7e-m/fpu\libc_nano.a(lib_a-malloc.o) (_free_r)
c:/program files (x86)/atollic/truestudio for stm32 9.0.0/armtools/bin/../lib/gcc/arm-atollic-eabi/6.3.1/../../../../arm-atollic-eabi/lib/armv7e-m/fpu\libc_nano.a(lib_a-nano-mallocr.o)
                              c:/program files (x86)/atollic/truestudio for stm32 9.0.0/armtools/bin/../lib/gcc/arm-atollic-eabi/6.3.1/../../../../arm-atollic-eabi/lib/armv7e-m/fpu\libc_nano.a(lib_a-malloc.o) (_malloc_r)
c:/program files (x86)/atollic/truestudio for stm32 9.0.0/armtools/bin/../lib/gcc/arm-atollic-eabi/6.3.1/../../../../arm-atollic-eabi/lib/armv7e-m/fpu\libc_nano.a(lib_a-sbrkr.o)
[...]
Memory Configuration

Name             Origin             Length             Attributes
RAM              0x20000000         0x00030000         xrw
CCMRAM           0x10000000         0x00010000         rw
FLASH            0x08000000         0x00200000         xr
*default*        0x00000000         0xffffffff

Linker script and memory map

LOAD c:/program files (x86)/atollic/truestudio for stm32 9.0.0/armtools/bin/../lib/gcc/arm-atollic-eabi/6.3.1/armv7e-m/fpu/crti.o
LOAD c:/program files (x86)/atollic/truestudio for stm32 9.0.0/armtools/bin/../lib/gcc/arm-atollic-eabi/6.3.1/armv7e-m/fpu/crtbegin.o
LOAD c:/program files (x86)/atollic/truestudio for stm32 9.0.0/armtools/bin/../lib/gcc/arm-atollic-eabi/6.3.1/../../../../arm-atollic-eabi/lib/armv7e-m/fpu\libc_nano.a
LOAD c:/program files (x86)/atollic/truestudio for stm32 9.0.0/armtools/bin/../lib/gcc/arm-atollic-eabi/6.3.1/../../../../arm-atollic-eabi/lib/armv7e-m/fpu\librdimon_nano.a
LOAD Drivers\STM32F4xx_HAL_Driver\Src\stm32f4xx_hal.o
LOAD Drivers\STM32F4xx_HAL_Driver\Src\stm32f4xx_hal_adc.o
LOAD Drivers\STM32F4xx_HAL_Driver\Src\stm32f4xx_hal_adc_ex.o
LOAD Drivers\STM32F4xx_HAL_Driver\Src\stm32f4xx_hal_cortex.o
LOAD Drivers\STM32F4xx_HAL_Driver\Src\stm32f4xx_hal_dma.o
LOAD Drivers\STM32F4xx_HAL_Driver\Src\stm32f4xx_hal_dma_ex.o
LOAD Drivers\STM32F4xx_HAL_Driver\Src\stm32f4xx_hal_flash.o
LOAD Drivers\STM32F4xx_HAL_Driver\Src\stm32f4xx_hal_flash_ex.o
LOAD Drivers\STM32F4xx_HAL_Driver\Src\stm32f4xx_hal_flash_ramfunc.o
LOAD Drivers\STM32F4xx_HAL_Driver\Src\stm32f4xx_hal_gpio.o
LOAD Drivers\STM32F4xx_HAL_Driver\Src\stm32f4xx_hal_pwr.o
LOAD Drivers\STM32F4xx_HAL_Driver\Src\stm32f4xx_hal_pwr_ex.o
LOAD Drivers\STM32F4xx_HAL_Driver\Src\stm32f4xx_hal_rcc.o
LOAD Drivers\STM32F4xx_HAL_Driver\Src\stm32f4xx_hal_rcc_ex.o
LOAD Drivers\STM32F4xx_HAL_Driver\Src\stm32f4xx_hal_sd.o
LOAD Drivers\STM32F4xx_HAL_Driver\Src\stm32f4xx_hal_spi.o
LOAD Drivers\STM32F4xx_HAL_Driver\Src\stm32f4xx_hal_tim.o
LOAD Drivers\STM32F4xx_HAL_Driver\Src\stm32f4xx_hal_tim_ex.o
LOAD Drivers\STM32F4xx_HAL_Driver\Src\stm32f4xx_hal_uart.o
LOAD Drivers\STM32F4xx_HAL_Driver\Src\stm32f4xx_ll_sdmmc.o
LOAD Middlewares\Third_Party\FatFs\src\diskio.o
LOAD Middlewares\Third_Party\FatFs\src\drivers\sd_diskio.o
LOAD Middlewares\Third_Party\FatFs\src\ff.o
LOAD Middlewares\Third_Party\FatFs\src\ff_gen_drv.o
LOAD Middlewares\Third_Party\FatFs\src\option\syscall.o
LOAD Src\MyFlashDriver.o
LOAD Src\arm_abs_f32.o
LOAD Src\arm_bitreversal2.o
LOAD Src\arm_common_tables.o
LOAD Src\arm_const_structs.o
LOAD Src\arm_rfft_fast_f32.o
LOAD Src\arm_rfft_fast_init_f32.o
LOAD Src\bsp_driver_sd.o
LOAD Src\fatfs.o
LOAD Src\fft.o
LOAD Src\lcd.o
LOAD Src\libmfcc.o
LOAD Src\main.o
LOAD Src\stm32f4xx_hal_msp.o
LOAD Src\stm32f4xx_it.o
LOAD Src\system_stm32f4xx.o
LOAD startup\startup_stm32f429xx.o
                0x00000080                malloc_getpagesize_P = 0x80
START GROUP
LOAD c:/program files (x86)/atollic/truestudio for stm32 9.0.0/armtools/bin/../lib/gcc/arm-atollic-eabi/6.3.1/../../../../arm-atollic-eabi/lib/armv7e-m/fpu\libc_nano.a
LOAD c:/program files (x86)/atollic/truestudio for stm32 9.0.0/armtools/bin/../lib/gcc/arm-atollic-eabi/6.3.1/../../../../arm-atollic-eabi/lib/armv7e-m/fpu\libm.a
END GROUP
START GROUP
LOAD c:/program files (x86)/atollic/truestudio for stm32 9.0.0/armtools/bin/../lib/gcc/arm-atollic-eabi/6.3.1/armv7e-m/fpu\libgcc.a
LOAD c:/program files (x86)/atollic/truestudio for stm32 9.0.0/armtools/bin/../lib/gcc/arm-atollic-eabi/6.3.1/../../../../arm-atollic-eabi/lib/armv7e-m/fpu\libc_nano.a
END GROUP
START GROUP
LOAD c:/program files (x86)/atollic/truestudio for stm32 9.0.0/armtools/bin/../lib/gcc/arm-atollic-eabi/6.3.1/armv7e-m/fpu\libgcc.a
LOAD c:/program files (x86)/atollic/truestudio for stm32 9.0.0/armtools/bin/../lib/gcc/arm-atollic-eabi/6.3.1/../../../../arm-atollic-eabi/lib/armv7e-m/fpu\libc_nano.a
LOAD c:/program files (x86)/atollic/truestudio for stm32 9.0.0/armtools/bin/../lib/gcc/arm-atollic-eabi/6.3.1/../../../../arm-atollic-eabi/lib/armv7e-m/fpu\libnosys.a
END GROUP
START GROUP
LOAD c:/program files (x86)/atollic/truestudio for stm32 9.0.0/armtools/bin/../lib/gcc/arm-atollic-eabi/6.3.1/armv7e-m/fpu\libgcc.a
LOAD c:/program files (x86)/atollic/truestudio for stm32 9.0.0/armtools/bin/../lib/gcc/arm-atollic-eabi/6.3.1/../../../../arm-atollic-eabi/lib/armv7e-m/fpu\libc_nano.a
LOAD c:/program files (x86)/atollic/truestudio for stm32 9.0.0/armtools/bin/../lib/gcc/arm-atollic-eabi/6.3.1/../../../../arm-atollic-eabi/lib/armv7e-m/fpu\libnosys.a
END GROUP
LOAD c:/program files (x86)/atollic/truestudio for stm32 9.0.0/armtools/bin/../lib/gcc/arm-atollic-eabi/6.3.1/armv7e-m/fpu/crtend.o
LOAD c:/program files (x86)/atollic/truestudio for stm32 9.0.0/armtools/bin/../lib/gcc/arm-atollic-eabi/6.3.1/armv7e-m/fpu/crtn.o
                0x20030000                _estack = 0x20030000
                0x00000200                _Min_Heap_Size = 0x200
                0x00000400                _Min_Stack_Size = 0x400

.isr_vector     0x08000000      0x1ac
                0x08000000                . = ALIGN (0x4)
 *(.isr_vector)
 .isr_vector    0x08000000      0x1ac startup\startup_stm32f429xx.o
                0x08000000                g_pfnVectors
                0x080001ac                . = ALIGN (0x4)

.text           0x080001b0     0x99f8
                0x080001b0                . = ALIGN (0x4)
 *(.text)
 .text          0x080001b0       0x40 c:/program files (x86)/atollic/truestudio for stm32 9.0.0/armtools/bin/../lib/gcc/arm-atollic-eabi/6.3.1/armv7e-m/fpu/crtbegin.o
 .text          0x080001f0       0x10 c:/program files (x86)/atollic/truestudio for stm32 9.0.0/armtools/bin/../lib/gcc/arm-atollic-eabi/6.3.1/../../../../arm-atollic-eabi/lib/armv7e-m/fpu\libc_nano.a(lib_a-strlen.o)
                0x080001f0                strlen
 .text          0x08000200       0xa0 c:/program files (x86)/atollic/truestudio for stm32 9.0.0/armtools/bin/../lib/gcc/arm-atollic-eabi/6.3.1/../../../../arm-atollic-eabi/lib/armv7e-m/fpu\libc_nano.a(lib_a-memchr.o)
                0x08000200                memchr
 .text          0x080002a0       0xc0 Src\arm_bitreversal2.o
                0x080002a0                arm_bitreversal_32
                0x0800030a                arm_bitreversal_16
 .text          0x08000360      0x370 c:/program files (x86)/atollic/truestudio for stm32 9.0.0/armtools/bin/../lib/gcc/arm-atollic-eabi/6.3.1/armv7e-m/fpu\libgcc.a(_arm_addsubdf3.o)
                0x08000360                __aeabi_drsub
                0x08000368                __aeabi_dsub
                0x08000368                __subdf3
                0x0800036c                __aeabi_dadd
                0x0800036c                __adddf3
                0x080005e4                __floatunsidf
                0x080005e4                __aeabi_ui2d
                0x08000604                __floatsidf
                0x08000604                __aeabi_i2d
                0x08000628                __aeabi_f2d
                0x08000628                __extendsfdf2
                0x08000664                __floatundidf
                0x08000664                __aeabi_ul2d
                0x08000674                __floatdidf
                0x08000674                __aeabi_l2d
 .text          0x080006d0      0x424 c:/program files (x86)/atollic/truestudio for stm32 9.0.0/armtools/bin/../lib/gcc/arm-atollic-eabi/6.3.1/armv7e-m/fpu\libgcc.a(_arm_muldivdf3.o)
                0x080006d0                __aeabi_dmul
                0x080006d0                __muldf3
                0x08000924                __divdf3
                0x08000924                __aeabi_ddiv
 .text          0x08000af4      0x110 c:/program files (x86)/atollic/truestudio for stm32 9.0.0/armtools/bin/../lib/gcc/arm-atollic-eabi/6.3.1/armv7e-m/fpu\libgcc.a(_arm_cmpdf2.o)
                0x08000af4                __gtdf2
                0x08000af4                __gedf2
                0x08000afc                __ltdf2
                0x08000afc                __ledf2
                0x08000b04                __nedf2
                0x08000b04                __eqdf2
                0x08000b04                __cmpdf2
                0x08000b80                __aeabi_cdrcmple
                0x08000b90                __aeabi_cdcmpeq
                0x08000b90                __aeabi_cdcmple
                0x08000ba0                __aeabi_dcmpeq
                0x08000bb4                __aeabi_dcmplt
                0x08000bc8                __aeabi_dcmple
                0x08000bdc                __aeabi_dcmpge
                0x08000bf0                __aeabi_dcmpgt
 .text          0x08000c04       0x2c c:/program files (x86)/atollic/truestudio for stm32 9.0.0/armtools/bin/../lib/gcc/arm-atollic-eabi/6.3.1/armv7e-m/fpu\libgcc.a(_arm_unorddf2.o)
                0x08000c04                __unorddf2
                0x08000c04                __aeabi_dcmpun
 .text          0x08000c30       0x50 c:/program files (x86)/atollic/truestudio for stm32 9.0.0/armtools/bin/../lib/gcc/arm-atollic-eabi/6.3.1/armv7e-m/fpu\libgcc.a(_arm_fixdfsi.o)
                0x08000c30                __aeabi_d2iz
                0x08000c30                __fixdfsi
 .text          0x08000c80       0xa0 c:/program files (x86)/atollic/truestudio for stm32 9.0.0/armtools/bin/../lib/gcc/arm-atollic-eabi/6.3.1/armv7e-m/fpu\libgcc.a(_arm_truncdfsf2.o)
                0x08000c80                __truncdfsf2
                0x08000c80                __aeabi_d2f
 .text          0x08000d20       0x30 c:/program files (x86)/atollic/truestudio for stm32 9.0.0/armtools/bin/../lib/gcc/arm-atollic-eabi/6.3.1/armv7e-m/fpu\libgcc.a(_aeabi_uldivmod.o)
                0x08000d20                __aeabi_uldivmod
 .text          0x08000d50      0x2dc c:/program files (x86)/atollic/truestudio for stm32 9.0.0/armtools/bin/../lib/gcc/arm-atollic-eabi/6.3.1/armv7e-m/fpu\libgcc.a(_udivmoddi4.o)
                0x08000d50                __udivmoddi4
 .text          0x0800102c        0x4 c:/program files (x86)/atollic/truestudio for stm32 9.0.0/armtools/bin/../lib/gcc/arm-atollic-eabi/6.3.1/armv7e-m/fpu\libgcc.a(_dvmd_tls.o)
                0x0800102c                __aeabi_idiv0
                0x0800102c                __aeabi_ldiv0
 *(.text*)
 .text.__cvt    0x08001030       0xc2 c:/program files (x86)/atollic/truestudio for stm32 9.0.0/armtools/bin/../lib/gcc/arm-atollic-eabi/6.3.1/../../../../arm-atollic-eabi/lib/armv7e-m/fpu\libc_nano.a(lib_a-nano-vfprintf_float.o)
                0x08001030                __cvt
 .text.__exponent
                0x080010f2       0x6a c:/program files (x86)/atollic/truestudio for stm32 9.0.0/armtools/bin/../lib/gcc/arm-atollic-eabi/6.3.1/../../../../arm-atollic-eabi/lib/armv7e-m/fpu\libc_nano.a(lib_a-nano-vfprintf_float.o)
                0x080010f2                __exponent
 .text._printf_float
                0x0800115c      0x480 c:/program files (x86)/atollic/truestudio for stm32 9.0.0/armtools/bin/../lib/gcc/arm-atollic-eabi/6.3.1/../../../../arm-atollic-eabi/lib/armv7e-m/fpu\libc_nano.a(lib_a-nano-vfprintf_float.o)
                0x0800115c                _printf_float
 .text._printf_common
                0x080015dc       0xec c:/program files (x86)/atollic/truestudio for stm32 9.0.0/armtools/bin/../lib/gcc/arm-atollic-eabi/6.3.1/../../../../arm-atollic-eabi/lib/armv7e-m/fpu\libc_nano.a(lib_a-nano-vfprintf_i.o)
                0x080015dc                _printf_common
 .text._printf_i
                0x080016c8      0x240 c:/program files (x86)/atollic/truestudio for stm32 9.0.0/armtools/bin/../lib/gcc/arm-atollic-eabi/6.3.1/../../../../arm-atollic-eabi/lib/armv7e-m/fpu\libc_nano.a(lib_a-nano-vfprintf_i.o)
                0x080016c8                _printf_i
 .text.quorem   0x08001908      0x118 c:/program files (x86)/atollic/truestudio for stm32 9.0.0/armtools/bin/../lib/gcc/arm-atollic-eabi/6.3.1/../../../../arm-atollic-eabi/lib/armv7e-m/fpu\libc_nano.a(lib_a-dtoa.o)
 .text._dtoa_r  0x08001a20      0xb9c c:/program files (x86)/atollic/truestudio for stm32 9.0.0/armtools/bin/../lib/gcc/arm-atollic-eabi/6.3.1/../../../../arm-atollic-eabi/lib/armv7e-m/fpu\libc_nano.a(lib_a-dtoa.o)
                0x08001a20                _dtoa_r
 .text._localeconv_r
                0x080025bc       0x1c c:/program files (x86)/atollic/truestudio for stm32 9.0.0/armtools/bin/../lib/gcc/arm-atollic-eabi/6.3.1/../../../../arm-atollic-eabi/lib/armv7e-m/fpu\libc_nano.a(lib_a-localeconv.o)
                0x080025bc                _localeconv_r
 .text.malloc   0x080025d8       0x10 c:/program files (x86)/atollic/truestudio for stm32 9.0.0/armtools/bin/../lib/gcc/arm-atollic-eabi/6.3.1/../../../../arm-atollic-eabi/lib/armv7e-m/fpu\libc_nano.a(lib_a-malloc.o)
                0x080025d8                malloc
 .text.free     0x080025e8       0x10 c:/program files (x86)/atollic/truestudio for stm32 9.0.0/armtools/bin/../lib/gcc/arm-atollic-eabi/6.3.1/../../../../arm-atollic-eabi/lib/armv7e-m/fpu\libc_nano.a(lib_a-malloc.o)
                0x080025e8                free
 .text.memcpy   0x080025f8       0x16 c:/program files (x86)/atollic/truestudio for stm32 9.0.0/armtools/bin/../lib/gcc/arm-atollic-eabi/6.3.1/../../../../arm-atollic-eabi/lib/armv7e-m/fpu\libc_nano.a(lib_a-memcpy-stub.o)
                0x080025f8                memcpy
 .text._Balloc  0x0800260e       0x68 c:/program files (x86)/atollic/truestudio for stm32 9.0.0/armtools/bin/../lib/gcc/arm-atollic-eabi/6.3.1/../../../../arm-atollic-eabi/lib/armv7e-m/fpu\libc_nano.a(lib_a-mprec.o)
                0x0800260e                _Balloc
 .text._Bfree   0x08002676       0x2e c:/program files (x86)/atollic/truestudio for stm32 9.0.0/armtools/bin/../lib/gcc/arm-atollic-eabi/6.3.1/../../../../arm-atollic-eabi/lib/armv7e-m/fpu\libc_nano.a(lib_a-mprec.o)
                0x08002676                _Bfree
 .text.__multadd
                0x080026a4       0x76 c:/program files (x86)/atollic/truestudio for stm32 9.0.0/armtools/bin/../lib/gcc/arm-atollic-eabi/6.3.1/../../../../arm-atollic-eabi/lib/armv7e-m/fpu\libc_nano.a(lib_a-mprec.o)
                0x080026a4                __multadd
 .text.__hi0bits
                0x0800271a       0x3e c:/program files (x86)/atollic/truestudio for stm32 9.0.0/armtools/bin/../lib/gcc/arm-atollic-eabi/6.3.1/../../../../arm-atollic-eabi/lib/armv7e-m/fpu\libc_nano.a(lib_a-mprec.o)
                0x0800271a                __hi0bits
 .text.__lo0bits
                0x08002758       0x5e c:/program files (x86)/atollic/truestudio for stm32 9.0.0/armtools/bin/../lib/gcc/arm-atollic-eabi/6.3.1/../../../../arm-atollic-eabi/lib/armv7e-m/fpu\libc_nano.a(lib_a-mprec.o)
                0x08002758                __lo0bits
 .text.__i2b    0x080027b6       0x12 c:/program files (x86)/atollic/truestudio for stm32 9.0.0/armtools/bin/../lib/gcc/arm-atollic-eabi/6.3.1/../../../../arm-atollic-eabi/lib/armv7e-m/fpu\libc_nano.a(lib_a-mprec.o)
                0x080027b6                __i2b
 .text.__multiply
                0x080027c8      0x11a c:/program files (x86)/atollic/truestudio for stm32 9.0.0/armtools/bin/../lib/gcc/arm-atollic-eabi/6.3.1/../../../../arm-atollic-eabi/lib/armv7e-m/fpu\libc_nano.a(lib_a-mprec.o)
                0x080027c8                __multiply
 *fill*         0x080028e2        0x2 
 .text.__pow5mult
                0x080028e4       0x9c c:/program files (x86)/atollic/truestudio for stm32 9.0.0/armtools/bin/../lib/gcc/arm-atollic-eabi/6.3.1/../../../../arm-atollic-eabi/lib/armv7e-m/fpu\libc_nano.a(lib_a-mprec.o)
                0x080028e4                __pow5mult
 .text.__lshift
                0x08002980       0xa2 c:/program files (x86)/atollic/truestudio for stm32 9.0.0/armtools/bin/../lib/gcc/arm-atollic-eabi/6.3.1/../../../../arm-atollic-eabi/lib/armv7e-m/fpu\libc_nano.a(lib_a-mprec.o)
                0x08002980                __lshift
 .text.__mcmp   0x08002a22       0x34 c:/program files (x86)/atollic/truestudio for stm32 9.0.0/armtools/bin/../lib/gcc/arm-atollic-eabi/6.3.1/../../../../arm-atollic-eabi/lib/armv7e-m/fpu\libc_nano.a(lib_a-mprec.o)
                0x08002a22                __mcmp
 .text.__mdiff  0x08002a56       0xbc c:/program files (x86)/atollic/truestudio for stm32 9.0.0/armtools/bin/../lib/gcc/arm-atollic-eabi/6.3.1/../../../../arm-atollic-eabi/lib/armv7e-m/fpu\libc_nano.a(lib_a-mprec.o)
                0x08002a56                __mdiff
 .text.__d2b    0x08002b12       0x9e c:/program files (x86)/atollic/truestudio for stm32 9.0.0/armtools/bin/../lib/gcc/arm-atollic-eabi/6.3.1/../../../../arm-atollic-eabi/lib/armv7e-m/fpu\libc_nano.a(lib_a-mprec.o)
                0x08002b12                __d2b
 .text._calloc_r
                0x08002bb0       0x1c c:/program files (x86)/atollic/truestudio for stm32 9.0.0/armtools/bin/../lib/gcc/arm-atollic-eabi/6.3.1/../../../../arm-atollic-eabi/lib/armv7e-m/fpu\libc_nano.a(lib_a-nano-callocr.o)
                0x08002bb0                _calloc_r
 .text._free_r  0x08002bcc       0x9c c:/program files (x86)/atollic/truestudio for stm32 9.0.0/armtools/bin/../lib/gcc/arm-atollic-eabi/6.3.1/../../../../arm-atollic-eabi/lib/armv7e-m/fpu\libc_nano.a(lib_a-nano-freer.o)
                0x08002bcc                _free_r
 .text._malloc_r
                0x08002c68       0xbc c:/program files (x86)/atollic/truestudio for stm32 9.0.0/armtools/bin/../lib/gcc/arm-atollic-eabi/6.3.1/../../../../arm-atollic-eabi/lib/armv7e-m/fpu\libc_nano.a(lib_a-nano-mallocr.o)
                0x08002c68                _malloc_r
 .text._sbrk_r  0x08002d24       0x20 c:/program files (x86)/atollic/truestudio for stm32 9.0.0/armtools/bin/../lib/gcc/arm-atollic-eabi/6.3.1/../../../../arm-atollic-eabi/lib/armv7e-m/fpu\libc_nano.a(lib_a-sbrkr.o)
                0x08002d24                _sbrk_r
 .text.__ascii_mbtowc
                0x08002d44       0x24 c:/program files (x86)/atollic/truestudio for stm32 9.0.0/armtools/bin/../lib/gcc/arm-atollic-eabi/6.3.1/../../../../arm-atollic-eabi/lib/armv7e-m/fpu\libc_nano.a(lib_a-mbtowc_r.o)
                0x08002d44                __ascii_mbtowc
 .text.memset   0x08002d68       0x10 c:/program files (x86)/atollic/truestudio for stm32 9.0.0/armtools/bin/../lib/gcc/arm-atollic-eabi/6.3.1/../../../../arm-atollic-eabi/lib/armv7e-m/fpu\libc_nano.a(lib_a-memset.o)
                0x08002d68                memset
 .text.__malloc_lock
                0x08002d78        0x2 c:/program files (x86)/atollic/truestudio for stm32 9.0.0/armtools/bin/../lib/gcc/arm-atollic-eabi/6.3.1/../../../../arm-atollic-eabi/lib/armv7e-m/fpu\libc_nano.a(lib_a-mlock.o)
                0x08002d78                __malloc_lock
 .text.__malloc_unlock
                0x08002d7a        0x2 c:/program files (x86)/atollic/truestudio for stm32 9.0.0/armtools/bin/../lib/gcc/arm-atollic-eabi/6.3.1/../../../../arm-atollic-eabi/lib/armv7e-m/fpu\libc_nano.a(lib_a-mlock.o)
                0x08002d7a                __malloc_unlock
 .text.__ascii_wctomb
                0x08002d7c       0x1a c:/program files (x86)/atollic/truestudio for stm32 9.0.0/armtools/bin/../lib/gcc/arm-atollic-eabi/6.3.1/../../../../arm-atollic-eabi/lib/armv7e-m/fpu\libc_nano.a(lib_a-wctomb_r.o)
                0x08002d7c                __ascii_wctomb
 *fill*         0x08002d96        0x2 
 .text._sbrk    0x08002d98       0x48 c:/program files (x86)/atollic/truestudio for stm32 9.0.0/armtools/bin/../lib/gcc/arm-atollic-eabi/6.3.1/../../../../arm-atollic-eabi/lib/armv7e-m/fpu\librdimon_nano.a(rdimon-syscalls.o)
                0x08002d98                _sbrk
 .text.HAL_InitTick
                0x08002de0       0x28 Drivers\STM32F4xx_HAL_Driver\Src\stm32f4xx_hal.o
                0x08002de0                HAL_InitTick
 .text.HAL_Init
                0x08002e08       0x34 Drivers\STM32F4xx_HAL_Driver\Src\stm32f4xx_hal.o
                0x08002e08                HAL_Init
 .text.HAL_IncTick
                0x08002e3c       0x10 Drivers\STM32F4xx_HAL_Driver\Src\stm32f4xx_hal.o
                0x08002e3c                HAL_IncTick
 .text.HAL_GetTick
                0x08002e4c        0xc Drivers\STM32F4xx_HAL_Driver\Src\stm32f4xx_hal.o
                0x08002e4c                HAL_GetTick
 .text.HAL_Delay
                0x08002e58       0x20 Drivers\STM32F4xx_HAL_Driver\Src\stm32f4xx_hal.o
                0x08002e58                HAL_Delay
 .text.HAL_ADC_Init
                0x08002e78      0x148 Drivers\STM32F4xx_HAL_Driver\Src\stm32f4xx_hal_adc.o
                0x08002e78                HAL_ADC_Init
 .text.HAL_ADC_Start
                0x08002fc0       0xc0 Drivers\STM32F4xx_HAL_Driver\Src\stm32f4xx_hal_adc.o
                0x08002fc0                HAL_ADC_Start
 .text.HAL_ADC_Stop
                0x08003080       0x3c Drivers\STM32F4xx_HAL_Driver\Src\stm32f4xx_hal_adc.o
                0x08003080                HAL_ADC_Stop
 .text.HAL_ADC_PollForConversion
                0x080030bc       0xa0 Drivers\STM32F4xx_HAL_Driver\Src\stm32f4xx_hal_adc.o
                0x080030bc                HAL_ADC_PollForConversion
 .text.HAL_ADC_GetValue
                0x0800315c        0x6 Drivers\STM32F4xx_HAL_Driver\Src\stm32f4xx_hal_adc.o
                0x0800315c                HAL_ADC_GetValue
 *fill*         0x08003162        0x2 
 .text.HAL_ADC_ConfigChannel
                0x08003164      0x130 Drivers\STM32F4xx_HAL_Driver\Src\stm32f4xx_hal_adc.o
                0x08003164                HAL_ADC_ConfigChannel
 .text.HAL_NVIC_SetPriorityGrouping
                0x08003294       0x24 Drivers\STM32F4xx_HAL_Driver\Src\stm32f4xx_hal_cortex.o
                0x08003294                HAL_NVIC_SetPriorityGrouping
 .text.HAL_NVIC_SetPriority
                0x080032b8       0x68 Drivers\STM32F4xx_HAL_Driver\Src\stm32f4xx_hal_cortex.o
                0x080032b8                HAL_NVIC_SetPriority
 .text.HAL_NVIC_EnableIRQ
                0x08003320       0x18 Drivers\STM32F4xx_HAL_Driver\Src\stm32f4xx_hal_cortex.o
                0x08003320                HAL_NVIC_EnableIRQ
 .text.HAL_SYSTICK_Config
                0x08003338       0x2c Drivers\STM32F4xx_HAL_Driver\Src\stm32f4xx_hal_cortex.o
                0x08003338                HAL_SYSTICK_Config
 .text.HAL_SYSTICK_CLKSourceConfig
                0x08003364       0x18 Drivers\STM32F4xx_HAL_Driver\Src\stm32f4xx_hal_cortex.o
                0x08003364                HAL_SYSTICK_CLKSourceConfig
 .text.HAL_SYSTICK_Callback
                0x0800337c        0x2 Drivers\STM32F4xx_HAL_Driver\Src\stm32f4xx_hal_cortex.o
                0x0800337c                HAL_SYSTICK_Callback
 .text.HAL_SYSTICK_IRQHandler
                0x0800337e        0x8 Drivers\STM32F4xx_HAL_Driver\Src\stm32f4xx_hal_cortex.o
                0x0800337e                HAL_SYSTICK_IRQHandler
 *fill*         0x08003386        0x2 
 .text.DMA_CalcBaseAndBitshift
                0x08003388       0x2c Drivers\STM32F4xx_HAL_Driver\Src\stm32f4xx_hal_dma.o
 .text.HAL_DMA_Init
                0x080033b4       0xfc Drivers\STM32F4xx_HAL_Driver\Src\stm32f4xx_hal_dma.o
                0x080033b4                HAL_DMA_Init
 .text.HAL_DMA_Abort_IT
                0x080034b0       0x24 Drivers\STM32F4xx_HAL_Driver\Src\stm32f4xx_hal_dma.o
                0x080034b0                HAL_DMA_Abort_IT
 .text.HAL_DMA_IRQHandler
                0x080034d4      0x174 Drivers\STM32F4xx_HAL_Driver\Src\stm32f4xx_hal_dma.o
                0x080034d4                HAL_DMA_IRQHandler
 .text.HAL_GPIO_Init
                0x08003648      0x1d8 Drivers\STM32F4xx_HAL_Driver\Src\stm32f4xx_hal_gpio.o
                0x08003648                HAL_GPIO_Init
 .text.HAL_GPIO_ReadPin
                0x08003820        0xc Drivers\STM32F4xx_HAL_Driver\Src\stm32f4xx_hal_gpio.o
                0x08003820                HAL_GPIO_ReadPin
 .text.HAL_GPIO_WritePin
                0x0800382c        0xa Drivers\STM32F4xx_HAL_Driver\Src\stm32f4xx_hal_gpio.o
                0x0800382c                HAL_GPIO_WritePin
 *fill*         0x08003836        0x2 
 .text.HAL_PWREx_EnableOverDrive
                0x08003838       0x78 Drivers\STM32F4xx_HAL_Driver\Src\stm32f4xx_hal_pwr_ex.o
                0x08003838                HAL_PWREx_EnableOverDrive
 .text.HAL_RCC_OscConfig
                0x080038b0      0x2ec Drivers\STM32F4xx_HAL_Driver\Src\stm32f4xx_hal_rcc.o
                0x080038b0                HAL_RCC_OscConfig
 .text.HAL_RCC_GetSysClockFreq
                0x08003b9c       0x5c Drivers\STM32F4xx_HAL_Driver\Src\stm32f4xx_hal_rcc.o
                0x08003b9c                HAL_RCC_GetSysClockFreq
 .text.HAL_RCC_ClockConfig
                0x08003bf8      0x134 Drivers\STM32F4xx_HAL_Driver\Src\stm32f4xx_hal_rcc.o
                0x08003bf8                HAL_RCC_ClockConfig
 .text.HAL_RCC_GetHCLKFreq
                0x08003d2c        0xc Drivers\STM32F4xx_HAL_Driver\Src\stm32f4xx_hal_rcc.o
                0x08003d2c                HAL_RCC_GetHCLKFreq
 .text.HAL_RCC_GetPCLK1Freq
                0x08003d38       0x20 Drivers\STM32F4xx_HAL_Driver\Src\stm32f4xx_hal_rcc.o
                0x08003d38                HAL_RCC_GetPCLK1Freq
 .text.HAL_RCC_GetPCLK2Freq
                0x08003d58       0x20 Drivers\STM32F4xx_HAL_Driver\Src\stm32f4xx_hal_rcc.o
                0x08003d58                HAL_RCC_GetPCLK2Freq
 .text.SD_FindSCR
                0x08003d78       0xca Drivers\STM32F4xx_HAL_Driver\Src\stm32f4xx_hal_sd.o
 .text.HAL_SD_ReadBlocks
                0x08003e42      0x1be Drivers\STM32F4xx_HAL_Driver\Src\stm32f4xx_hal_sd.o
                0x08003e42                HAL_SD_ReadBlocks
 .text.HAL_SD_WriteBlocks
                0x08004000      0x176 Drivers\STM32F4xx_HAL_Driver\Src\stm32f4xx_hal_sd.o
                0x08004000                HAL_SD_WriteBlocks
 .text.HAL_SD_TxCpltCallback
                0x08004176        0x2 Drivers\STM32F4xx_HAL_Driver\Src\stm32f4xx_hal_sd.o
                0x08004176                HAL_SD_TxCpltCallback
 .text.HAL_SD_RxCpltCallback
                0x08004178        0x2 Drivers\STM32F4xx_HAL_Driver\Src\stm32f4xx_hal_sd.o
                0x08004178                HAL_SD_RxCpltCallback
 .text.HAL_SD_ErrorCallback
                0x0800417a        0x2 Drivers\STM32F4xx_HAL_Driver\Src\stm32f4xx_hal_sd.o
                0x0800417a                HAL_SD_ErrorCallback
 .text.HAL_SD_AbortCallback
                0x0800417c        0x2 Drivers\STM32F4xx_HAL_Driver\Src\stm32f4xx_hal_sd.o
                0x0800417c                HAL_SD_AbortCallback
 .text.HAL_SD_GetCardCSD
                0x0800417e      0x1be Drivers\STM32F4xx_HAL_Driver\Src\stm32f4xx_hal_sd.o
                0x0800417e                HAL_SD_GetCardCSD
 .text.HAL_SD_InitCard
                0x0800433c      0x1dc Drivers\STM32F4xx_HAL_Driver\Src\stm32f4xx_hal_sd.o
                0x0800433c                HAL_SD_InitCard
 .text.HAL_SD_Init
                0x08004518       0x34 Drivers\STM32F4xx_HAL_Driver\Src\stm32f4xx_hal_sd.o
                0x08004518                HAL_SD_Init
 .text.HAL_SD_GetCardInfo
                0x0800454c       0x24 Drivers\STM32F4xx_HAL_Driver\Src\stm32f4xx_hal_sd.o
                0x0800454c                HAL_SD_GetCardInfo
 .text.HAL_SD_ConfigWideBusOperation
                0x08004570      0x108 Drivers\STM32F4xx_HAL_Driver\Src\stm32f4xx_hal_sd.o
                0x08004570                HAL_SD_ConfigWideBusOperation
 .text.HAL_SD_GetCardState
                0x08004678       0x28 Drivers\STM32F4xx_HAL_Driver\Src\stm32f4xx_hal_sd.o
                0x08004678                HAL_SD_GetCardState
 .text.SD_DMATxAbort
                0x080046a0       0x44 Drivers\STM32F4xx_HAL_Driver\Src\stm32f4xx_hal_sd.o
 .text.SD_DMARxAbort
                0x080046e4       0x44 Drivers\STM32F4xx_HAL_Driver\Src\stm32f4xx_hal_sd.o
 .text.HAL_SD_IRQHandler
                0x08004728      0x1c0 Drivers\STM32F4xx_HAL_Driver\Src\stm32f4xx_hal_sd.o
                0x08004728                HAL_SD_IRQHandler
 .text.HAL_SPI_Init
                0x080048e8       0x7a Drivers\STM32F4xx_HAL_Driver\Src\stm32f4xx_hal_spi.o
                0x080048e8                HAL_SPI_Init
 .text.TIM_SlaveTimer_SetConfig
                0x08004962       0xaa Drivers\STM32F4xx_HAL_Driver\Src\stm32f4xx_hal_tim.o
 .text.HAL_TIM_Base_Start_IT
                0x08004a0c       0x16 Drivers\STM32F4xx_HAL_Driver\Src\stm32f4xx_hal_tim.o
                0x08004a0c                HAL_TIM_Base_Start_IT
 .text.HAL_TIM_Base_Stop_IT
                0x08004a22       0x2a Drivers\STM32F4xx_HAL_Driver\Src\stm32f4xx_hal_tim.o
                0x08004a22                HAL_TIM_Base_Stop_IT
 .text.HAL_TIM_SlaveConfigSynchronization
                0x08004a4c       0x40 Drivers\STM32F4xx_HAL_Driver\Src\stm32f4xx_hal_tim.o
                0x08004a4c                HAL_TIM_SlaveConfigSynchronization
 .text.HAL_TIM_PeriodElapsedCallback
                0x08004a8c        0x2 Drivers\STM32F4xx_HAL_Driver\Src\stm32f4xx_hal_tim.o
                0x08004a8c                HAL_TIM_PeriodElapsedCallback
 .text.HAL_TIM_OC_DelayElapsedCallback
                0x08004a8e        0x2 Drivers\STM32F4xx_HAL_Driver\Src\stm32f4xx_hal_tim.o
                0x08004a8e                HAL_TIM_OC_DelayElapsedCallback
 .text.HAL_TIM_IC_CaptureCallback
                0x08004a90        0x2 Drivers\STM32F4xx_HAL_Driver\Src\stm32f4xx_hal_tim.o
                0x08004a90                HAL_TIM_IC_CaptureCallback
 .text.HAL_TIM_PWM_PulseFinishedCallback
                0x08004a92        0x2 Drivers\STM32F4xx_HAL_Driver\Src\stm32f4xx_hal_tim.o
                0x08004a92                HAL_TIM_PWM_PulseFinishedCallback
 .text.HAL_TIM_TriggerCallback
                0x08004a94        0x2 Drivers\STM32F4xx_HAL_Driver\Src\stm32f4xx_hal_tim.o
                0x08004a94                HAL_TIM_TriggerCallback
 .text.HAL_TIM_IRQHandler
                0x08004a96      0x144 Drivers\STM32F4xx_HAL_Driver\Src\stm32f4xx_hal_tim.o
                0x08004a96                HAL_TIM_IRQHandler
 *fill*         0x08004bda        0x2 
 .text.TIM_Base_SetConfig
                0x08004bdc       0xc8 Drivers\STM32F4xx_HAL_Driver\Src\stm32f4xx_hal_tim.o
                0x08004bdc                TIM_Base_SetConfig
 .text.HAL_TIM_Base_Init
                0x08004ca4       0x34 Drivers\STM32F4xx_HAL_Driver\Src\stm32f4xx_hal_tim.o
                0x08004ca4                HAL_TIM_Base_Init
 .text.HAL_TIMEx_MasterConfigSynchronization
                0x08004cd8       0x44 Drivers\STM32F4xx_HAL_Driver\Src\stm32f4xx_hal_tim_ex.o
                0x08004cd8                HAL_TIMEx_MasterConfigSynchronization
 .text.HAL_TIMEx_CommutationCallback
                0x08004d1c        0x2 Drivers\STM32F4xx_HAL_Driver\Src\stm32f4xx_hal_tim_ex.o
                0x08004d1c                HAL_TIMEx_CommutationCallback
 .text.HAL_TIMEx_BreakCallback
                0x08004d1e        0x2 Drivers\STM32F4xx_HAL_Driver\Src\stm32f4xx_hal_tim_ex.o
                0x08004d1e                HAL_TIMEx_BreakCallback
 .text.UART_SetConfig
                0x08004d20      0x234 Drivers\STM32F4xx_HAL_Driver\Src\stm32f4xx_hal_uart.o
 .text.UART_WaitOnFlagUntilTimeout.constprop.3
                0x08004f54       0x50 Drivers\STM32F4xx_HAL_Driver\Src\stm32f4xx_hal_uart.o
 .text.HAL_UART_Init
                0x08004fa4       0x5c Drivers\STM32F4xx_HAL_Driver\Src\stm32f4xx_hal_uart.o
                0x08004fa4                HAL_UART_Init
 .text.HAL_UART_Transmit
                0x08005000       0xba Drivers\STM32F4xx_HAL_Driver\Src\stm32f4xx_hal_uart.o
                0x08005000                HAL_UART_Transmit
 *fill*         0x080050ba        0x2 
 .text.SDMMC_GetCmdResp2
                0x080050bc       0x4c Drivers\STM32F4xx_HAL_Driver\Src\stm32f4xx_ll_sdmmc.o
 .text.SDMMC_GetCmdResp3
                0x08005108       0x40 Drivers\STM32F4xx_HAL_Driver\Src\stm32f4xx_ll_sdmmc.o
 .text.SDIO_Init
                0x08005148       0x38 Drivers\STM32F4xx_HAL_Driver\Src\stm32f4xx_ll_sdmmc.o
                0x08005148                SDIO_Init
 .text.SDIO_ReadFIFO
                0x08005180        0x6 Drivers\STM32F4xx_HAL_Driver\Src\stm32f4xx_ll_sdmmc.o
                0x08005180                SDIO_ReadFIFO
 .text.SDIO_WriteFIFO
                0x08005186        0xa Drivers\STM32F4xx_HAL_Driver\Src\stm32f4xx_ll_sdmmc.o
                0x08005186                SDIO_WriteFIFO
 .text.SDIO_PowerState_ON
                0x08005190        0x8 Drivers\STM32F4xx_HAL_Driver\Src\stm32f4xx_ll_sdmmc.o
                0x08005190                SDIO_PowerState_ON
 .text.SDIO_GetPowerState
                0x08005198        0x8 Drivers\STM32F4xx_HAL_Driver\Src\stm32f4xx_ll_sdmmc.o
                0x08005198                SDIO_GetPowerState
 .text.SDIO_SendCommand
                0x080051a0       0x26 Drivers\STM32F4xx_HAL_Driver\Src\stm32f4xx_ll_sdmmc.o
                0x080051a0                SDIO_SendCommand
 .text.SDIO_GetResponse
                0x080051c6       0x14 Drivers\STM32F4xx_HAL_Driver\Src\stm32f4xx_ll_sdmmc.o
                0x080051c6                SDIO_GetResponse
 *fill*         0x080051da        0x2 
 .text.SDMMC_GetCmdResp1
                0x080051dc      0x120 Drivers\STM32F4xx_HAL_Driver\Src\stm32f4xx_ll_sdmmc.o
 .text.SDIO_ConfigData
                0x080052fc       0x26 Drivers\STM32F4xx_HAL_Driver\Src\stm32f4xx_ll_sdmmc.o
                0x080052fc                SDIO_ConfigData
 .text.SDMMC_CmdBlockLength
                0x08005322       0x30 Drivers\STM32F4xx_HAL_Driver\Src\stm32f4xx_ll_sdmmc.o
                0x08005322                SDMMC_CmdBlockLength
 .text.SDMMC_CmdReadSingleBlock
                0x08005352       0x30 Drivers\STM32F4xx_HAL_Driver\Src\stm32f4xx_ll_sdmmc.o
                0x08005352                SDMMC_CmdReadSingleBlock
 .text.SDMMC_CmdReadMultiBlock
                0x08005382       0x30 Drivers\STM32F4xx_HAL_Driver\Src\stm32f4xx_ll_sdmmc.o
                0x08005382                SDMMC_CmdReadMultiBlock
 .text.SDMMC_CmdWriteSingleBlock
                0x080053b2       0x30 Drivers\STM32F4xx_HAL_Driver\Src\stm32f4xx_ll_sdmmc.o
                0x080053b2                SDMMC_CmdWriteSingleBlock
 .text.SDMMC_CmdWriteMultiBlock
                0x080053e2       0x30 Drivers\STM32F4xx_HAL_Driver\Src\stm32f4xx_ll_sdmmc.o
                0x080053e2                SDMMC_CmdWriteMultiBlock
 *fill*         0x08005412        0x2 
 .text.SDMMC_CmdStopTransfer
                0x08005414       0x34 Drivers\STM32F4xx_HAL_Driver\Src\stm32f4xx_ll_sdmmc.o
                0x08005414                SDMMC_CmdStopTransfer
 .text.SDMMC_CmdSelDesel
                0x08005448       0x30 Drivers\STM32F4xx_HAL_Driver\Src\stm32f4xx_ll_sdmmc.o
                0x08005448                SDMMC_CmdSelDesel
 .text.SDMMC_CmdGoIdleState
                0x08005478       0x50 Drivers\STM32F4xx_HAL_Driver\Src\stm32f4xx_ll_sdmmc.o
                0x08005478                SDMMC_CmdGoIdleState
 .text.SDMMC_CmdOperCond
                0x080054c8       0x70 Drivers\STM32F4xx_HAL_Driver\Src\stm32f4xx_ll_sdmmc.o
                0x080054c8                SDMMC_CmdOperCond
 .text.SDMMC_CmdAppCommand
                0x08005538       0x30 Drivers\STM32F4xx_HAL_Driver\Src\stm32f4xx_ll_sdmmc.o
                0x08005538                SDMMC_CmdAppCommand
 .text.SDMMC_CmdAppOperCommand
                0x08005568       0x32 Drivers\STM32F4xx_HAL_Driver\Src\stm32f4xx_ll_sdmmc.o
                0x08005568                SDMMC_CmdAppOperCommand
 .text.SDMMC_CmdSendSCR
                0x0800559a       0x30 Drivers\STM32F4xx_HAL_Driver\Src\stm32f4xx_ll_sdmmc.o
                0x0800559a                SDMMC_CmdSendSCR
 .text.SDMMC_CmdSendCID
                0x080055ca       0x2a Drivers\STM32F4xx_HAL_Driver\Src\stm32f4xx_ll_sdmmc.o
                0x080055ca                SDMMC_CmdSendCID
 .text.SDMMC_CmdSendCSD
                0x080055f4       0x2a Drivers\STM32F4xx_HAL_Driver\Src\stm32f4xx_ll_sdmmc.o
                0x080055f4                SDMMC_CmdSendCSD
 *fill*         0x0800561e        0x2 
 .text.SDMMC_CmdSetRelAdd
                0x08005620       0xa8 Drivers\STM32F4xx_HAL_Driver\Src\stm32f4xx_ll_sdmmc.o
                0x08005620                SDMMC_CmdSetRelAdd
 .text.SDMMC_CmdSendStatus
                0x080056c8       0x30 Drivers\STM32F4xx_HAL_Driver\Src\stm32f4xx_ll_sdmmc.o
                0x080056c8                SDMMC_CmdSendStatus
 .text.SDMMC_CmdSwitch
                0x080056f8       0x30 Drivers\STM32F4xx_HAL_Driver\Src\stm32f4xx_ll_sdmmc.o
                0x080056f8                SDMMC_CmdSwitch
 .text.SDMMC_CmdBusWidth
                0x08005728        0x4 Drivers\STM32F4xx_HAL_Driver\Src\stm32f4xx_ll_sdmmc.o
                0x08005728                SDMMC_CmdBusWidth
 .text.disk_status
                0x0800572c       0x14 Middlewares\Third_Party\FatFs\src\diskio.o
                0x0800572c                disk_status
 .text.disk_initialize
                0x08005740       0x20 Middlewares\Third_Party\FatFs\src\diskio.o
                0x08005740                disk_initialize
 .text.disk_read
                0x08005760       0x1c Middlewares\Third_Party\FatFs\src\diskio.o
                0x08005760                disk_read
 .text.disk_write
                0x0800577c       0x1c Middlewares\Third_Party\FatFs\src\diskio.o
                0x0800577c                disk_write
 .text.disk_ioctl
                0x08005798       0x1c Middlewares\Third_Party\FatFs\src\diskio.o
                0x08005798                disk_ioctl
 .text.SD_initialize
                0x080057b4       0x20 Middlewares\Third_Party\FatFs\src\drivers\sd_diskio.o
                0x080057b4                SD_initialize
 .text.SD_status
                0x080057d4       0x20 Middlewares\Third_Party\FatFs\src\drivers\sd_diskio.o
                0x080057d4                SD_status
 .text.SD_read  0x080057f4       0x30 Middlewares\Third_Party\FatFs\src\drivers\sd_diskio.o
                0x080057f4                SD_read
 .text.SD_ioctl
                0x08005824       0x4c Middlewares\Third_Party\FatFs\src\drivers\sd_diskio.o
                0x08005824                SD_ioctl
 .text.SD_write
                0x08005870       0x30 Middlewares\Third_Party\FatFs\src\drivers\sd_diskio.o
                0x08005870                SD_write
 .text.mem_cpy  0x080058a0       0x14 Middlewares\Third_Party\FatFs\src\ff.o
 .text.mem_set  0x080058b4        0xe Middlewares\Third_Party\FatFs\src\ff.o
 *fill*         0x080058c2        0x2 
 .text.chk_lock
                0x080058c4       0x64 Middlewares\Third_Party\FatFs\src\ff.o
 .text.inc_lock
                0x08005928       0x88 Middlewares\Third_Party\FatFs\src\ff.o
 .text.dec_lock
                0x080059b0       0x38 Middlewares\Third_Party\FatFs\src\ff.o
 .text.clmt_clust
                0x080059e8       0x28 Middlewares\Third_Party\FatFs\src\ff.o
 .text.get_ldnumber
                0x08005a10       0x30 Middlewares\Third_Party\FatFs\src\ff.o
 .text.validate
                0x08005a40       0x2e Middlewares\Third_Party\FatFs\src\ff.o
 .text.ld_clust.isra.0
                0x08005a6e       0x1c Middlewares\Third_Party\FatFs\src\ff.o
 .text.sync_window.part.2
                0x08005a8a       0x52 Middlewares\Third_Party\FatFs\src\ff.o
 .text.sync_window
                0x08005adc        0xe Middlewares\Third_Party\FatFs\src\ff.o
 .text.sync_fs  0x08005aea       0xba Middlewares\Third_Party\FatFs\src\ff.o
 .text.move_window
                0x08005ba4       0x3a Middlewares\Third_Party\FatFs\src\ff.o
 *fill*         0x08005bde        0x2 
 .text.check_fs
                0x08005be0       0x58 Middlewares\Third_Party\FatFs\src\ff.o
 .text.find_volume
                0x08005c38      0x280 Middlewares\Third_Party\FatFs\src\ff.o
 .text.clust2sect
                0x08005eb8       0x1c Middlewares\Third_Party\FatFs\src\ff.o
                0x08005eb8                clust2sect
 .text.get_fat  0x08005ed4       0xc2 Middlewares\Third_Party\FatFs\src\ff.o
                0x08005ed4                get_fat
 .text.dir_sdi  0x08005f96       0x9e Middlewares\Third_Party\FatFs\src\ff.o
 .text.put_fat  0x08006034       0xf4 Middlewares\Third_Party\FatFs\src\ff.o
                0x08006034                put_fat
 .text.create_chain
                0x08006128       0xb2 Middlewares\Third_Party\FatFs\src\ff.o
 .text.dir_next
                0x080061da      0x11e Middlewares\Third_Party\FatFs\src\ff.o
 .text.follow_path
                0x080062f8      0x1a8 Middlewares\Third_Party\FatFs\src\ff.o
 .text.dir_register
                0x080064a0       0x76 Middlewares\Third_Party\FatFs\src\ff.o
 .text.remove_chain
                0x08006516       0x64 Middlewares\Third_Party\FatFs\src\ff.o
 *fill*         0x0800657a        0x2 
 .text.f_mount  0x0800657c       0x6c Middlewares\Third_Party\FatFs\src\ff.o
                0x0800657c                f_mount
 .text.f_open   0x080065e8      0x1b0 Middlewares\Third_Party\FatFs\src\ff.o
                0x080065e8                f_open
 .text.f_write  0x08006798      0x1de Middlewares\Third_Party\FatFs\src\ff.o
                0x08006798                f_write
 .text.f_sync   0x08006976       0xc0 Middlewares\Third_Party\FatFs\src\ff.o
                0x08006976                f_sync
 .text.f_close  0x08006a36       0x22 Middlewares\Third_Party\FatFs\src\ff.o
                0x08006a36                f_close
 .text.FATFS_LinkDriverEx
                0x08006a58       0x44 Middlewares\Third_Party\FatFs\src\ff_gen_drv.o
                0x08006a58                FATFS_LinkDriverEx
 .text.FATFS_LinkDriver
                0x08006a9c        0x6 Middlewares\Third_Party\FatFs\src\ff_gen_drv.o
                0x08006a9c                FATFS_LinkDriver
 *fill*         0x08006aa2        0x2 
 .text.FATFS_UnLinkDriverEx
                0x08006aa4       0x30 Middlewares\Third_Party\FatFs\src\ff_gen_drv.o
                0x08006aa4                FATFS_UnLinkDriverEx
 .text.FATFS_UnLinkDriver
                0x08006ad4        0x6 Middlewares\Third_Party\FatFs\src\ff_gen_drv.o
                0x08006ad4                FATFS_UnLinkDriver
 .text.arm_abs_f32
                0x08006ada       0x66 Src\arm_abs_f32.o
                0x08006ada                arm_abs_f32
 .text.BSP_SD_Init
                0x08006b40       0x34 Src\bsp_driver_sd.o
                0x08006b40                BSP_SD_Init
 .text.BSP_SD_ReadBlocks
                0x08006b74       0x20 Src\bsp_driver_sd.o
                0x08006b74                BSP_SD_ReadBlocks
 .text.BSP_SD_WriteBlocks
                0x08006b94       0x20 Src\bsp_driver_sd.o
                0x08006b94                BSP_SD_WriteBlocks
 .text.BSP_SD_GetCardState
                0x08006bb4       0x14 Src\bsp_driver_sd.o
                0x08006bb4                BSP_SD_GetCardState
 .text.BSP_SD_GetCardInfo
                0x08006bc8        0xc Src\bsp_driver_sd.o
                0x08006bc8                BSP_SD_GetCardInfo
 .text.MX_FATFS_Init
                0x08006bd4       0x1c Src\fatfs.o
                0x08006bd4                MX_FATFS_Init
 .text.get_fattime
                0x08006bf0        0x4 Src\fatfs.o
                0x08006bf0                get_fattime
 .text.arm_radix8_butterfly_f32
                0x08006bf4      0x59c Src\fft.o
                0x08006bf4                arm_radix8_butterfly_f32
 .text.arm_cfft_radix8by2_f32
                0x08007190      0x176 Src\fft.o
                0x08007190                arm_cfft_radix8by2_f32
 .text.arm_cfft_radix8by4_f32
                0x08007306      0x45a Src\fft.o
                0x08007306                arm_cfft_radix8by4_f32
 .text.arm_cfft_f32
                0x08007760       0xd2 Src\fft.o
                0x08007760                arm_cfft_f32
 *fill*         0x08007832        0x2 
 .text.lcd_clock
                0x08007834       0x30 Src\lcd.o
                0x08007834                lcd_clock
 .text.lcd_reset
                0x08007864       0x88 Src\lcd.o
                0x08007864                lcd_reset
 .text.lcd_write
                0x080078ec       0xb8 Src\lcd.o
                0x080078ec                lcd_write
 .text.lcd_clear
                0x080079a4       0x20 Src\lcd.o
                0x080079a4                lcd_clear
 .text.lcd_display_settings
                0x080079c4       0x14 Src\lcd.o
                0x080079c4                lcd_display_settings
 .text.lcd_display_address
                0x080079d8        0xa Src\lcd.o
                0x080079d8                lcd_display_address
 *fill*         0x080079e2        0x2 
 .text.lcd_print
                0x080079e4       0x9c Src\lcd.o
                0x080079e4                lcd_print
 .text.SystemClock_Config
                0x08007a80       0xb4 Src\main.o
                0x08007a80                SystemClock_Config
 .text.fft      0x08007b34       0xd8 Src\main.o
                0x08007b34                fft
 .text.sigmoid  0x08007c0c       0x44 Src\main.o
                0x08007c0c                sigmoid
 .text.feedforward
                0x08007c50      0x208 Src\main.o
                0x08007c50                feedforward
 .text.mfcc     0x08007e58      0x1bc Src\main.o
                0x08007e58                mfcc
 *fill*         0x08008014        0x4 
 .text.startup.main
                0x08008018      0x844 Src\main.o
                0x08008018                main
 .text._Error_Handler
                0x0800885c        0x2 Src\main.o
                0x0800885c                _Error_Handler
 .text.HAL_MspInit
                0x0800885e       0x60 Src\stm32f4xx_hal_msp.o
                0x0800885e                HAL_MspInit
 *fill*         0x080088be        0x2 
 .text.HAL_ADC_MspInit
                0x080088c0       0x44 Src\stm32f4xx_hal_msp.o
                0x080088c0                HAL_ADC_MspInit
 .text.HAL_SD_MspInit
                0x08008904       0xf8 Src\stm32f4xx_hal_msp.o
                0x08008904                HAL_SD_MspInit
 .text.HAL_SPI_MspInit
                0x080089fc       0xdc Src\stm32f4xx_hal_msp.o
                0x080089fc                HAL_SPI_MspInit
 .text.HAL_TIM_Base_MspInit
                0x08008ad8       0x60 Src\stm32f4xx_hal_msp.o
                0x08008ad8                HAL_TIM_Base_MspInit
 .text.HAL_UART_MspInit
                0x08008b38       0x54 Src\stm32f4xx_hal_msp.o
                0x08008b38                HAL_UART_MspInit
 .text.NMI_Handler
                0x08008b8c        0x2 Src\stm32f4xx_it.o
                0x08008b8c                NMI_Handler
 .text.HardFault_Handler
                0x08008b8e        0x2 Src\stm32f4xx_it.o
                0x08008b8e                HardFault_Handler
 .text.MemManage_Handler
                0x08008b90        0x2 Src\stm32f4xx_it.o
                0x08008b90                MemManage_Handler
 .text.BusFault_Handler
                0x08008b92        0x2 Src\stm32f4xx_it.o
                0x08008b92                BusFault_Handler
 .text.UsageFault_Handler
                0x08008b94        0x2 Src\stm32f4xx_it.o
                0x08008b94                UsageFault_Handler
 .text.SVC_Handler
                0x08008b96        0x2 Src\stm32f4xx_it.o
                0x08008b96                SVC_Handler
 .text.DebugMon_Handler
                0x08008b98        0x2 Src\stm32f4xx_it.o
                0x08008b98                DebugMon_Handler
 .text.PendSV_Handler
                0x08008b9a        0x2 Src\stm32f4xx_it.o
                0x08008b9a                PendSV_Handler
 .text.SysTick_Handler
                0x08008b9c        0xe Src\stm32f4xx_it.o
                0x08008b9c                SysTick_Handler
 *fill*         0x08008baa        0x2 
 .text.TIM2_IRQHandler
                0x08008bac       0x70 Src\stm32f4xx_it.o
                0x08008bac                TIM2_IRQHandler
 .text.SDIO_IRQHandler
                0x08008c1c        0xc Src\stm32f4xx_it.o
                0x08008c1c                SDIO_IRQHandler
 .text.DMA2_Stream0_IRQHandler
                0x08008c28        0xc Src\stm32f4xx_it.o
                0x08008c28                DMA2_Stream0_IRQHandler
 .text.DMA2_Stream3_IRQHandler
                0x08008c34        0xc Src\stm32f4xx_it.o
                0x08008c34                DMA2_Stream3_IRQHandler
 .text.DMA2_Stream5_IRQHandler
                0x08008c40        0xc Src\stm32f4xx_it.o
                0x08008c40                DMA2_Stream5_IRQHandler
 .text.SystemInit
                0x08008c4c       0x4c Src\system_stm32f4xx.o
                0x08008c4c                SystemInit
 .text.Reset_Handler
                0x08008c98       0x50 startup\startup_stm32f429xx.o
                0x08008c98                Reset_Handler
 .text.Default_Handler
                0x08008ce8        0x2 startup\startup_stm32f429xx.o
                0x08008ce8                RTC_Alarm_IRQHandler
                0x08008ce8                HASH_RNG_IRQHandler
                0x08008ce8                EXTI2_IRQHandler
                0x08008ce8                TIM8_CC_IRQHandler
                0x08008ce8                UART8_IRQHandler
                0x08008ce8                SPI4_IRQHandler
                0x08008ce8                TIM1_CC_IRQHandler
                0x08008ce8                DMA1_Stream5_IRQHandler
                0x08008ce8                PVD_IRQHandler
                0x08008ce8                TAMP_STAMP_IRQHandler
                0x08008ce8                CAN2_RX1_IRQHandler
                0x08008ce8                EXTI3_IRQHandler
                0x08008ce8                TIM8_TRG_COM_TIM14_IRQHandler
                0x08008ce8                TIM1_UP_TIM10_IRQHandler
                0x08008ce8                TIM8_UP_TIM13_IRQHandler
                0x08008ce8                I2C3_ER_IRQHandler
                0x08008ce8                EXTI0_IRQHandler
                0x08008ce8                I2C2_EV_IRQHandler
                0x08008ce8                DMA1_Stream2_IRQHandler
                0x08008ce8                CAN1_RX0_IRQHandler
                0x08008ce8                FPU_IRQHandler
                0x08008ce8                OTG_HS_WKUP_IRQHandler
                0x08008ce8                LTDC_ER_IRQHandler
                0x08008ce8                CAN2_SCE_IRQHandler
                0x08008ce8                DMA2_Stream2_IRQHandler
                0x08008ce8                SPI1_IRQHandler
                0x08008ce8                TIM6_DAC_IRQHandler
                0x08008ce8                TIM1_BRK_TIM9_IRQHandler
                0x08008ce8                DCMI_IRQHandler
                0x08008ce8                CAN2_RX0_IRQHandler
                0x08008ce8                USART6_IRQHandler
                0x08008ce8                USART3_IRQHandler
                0x08008ce8                CAN1_RX1_IRQHandler
                0x08008ce8                UART5_IRQHandler
                0x08008ce8                TIM4_IRQHandler
                0x08008ce8                I2C1_EV_IRQHandler
                0x08008ce8                DMA1_Stream6_IRQHandler
                0x08008ce8                DMA1_Stream1_IRQHandler
                0x08008ce8                UART4_IRQHandler
                0x08008ce8                TIM3_IRQHandler
                0x08008ce8                RCC_IRQHandler
                0x08008ce8                TIM8_BRK_TIM12_IRQHandler
                0x08008ce8                Default_Handler
                0x08008ce8                EXTI15_10_IRQHandler
                0x08008ce8                ADC_IRQHandler
                0x08008ce8                DMA1_Stream7_IRQHandler
                0x08008ce8                SPI5_IRQHandler
                0x08008ce8                TIM7_IRQHandler
                0x08008ce8                CAN2_TX_IRQHandler
                0x08008ce8                TIM5_IRQHandler
                0x08008ce8                DMA2_Stream7_IRQHandler
                0x08008ce8                I2C3_EV_IRQHandler
                0x08008ce8                EXTI9_5_IRQHandler
                0x08008ce8                RTC_WKUP_IRQHandler
                0x08008ce8                LTDC_IRQHandler
                0x08008ce8                ETH_WKUP_IRQHandler
                0x08008ce8                SPI2_IRQHandler
                0x08008ce8                OTG_HS_EP1_IN_IRQHandler
                0x08008ce8                DMA1_Stream0_IRQHandler
                0x08008ce8                CAN1_TX_IRQHandler
                0x08008ce8                EXTI4_IRQHandler
                0x08008ce8                ETH_IRQHandler
                0x08008ce8                OTG_HS_EP1_OUT_IRQHandler
                0x08008ce8                WWDG_IRQHandler
                0x08008ce8                SPI6_IRQHandler
                0x08008ce8                OTG_FS_WKUP_IRQHandler
                0x08008ce8                TIM1_TRG_COM_TIM11_IRQHandler
                0x08008ce8                OTG_HS_IRQHandler
                0x08008ce8                DMA2D_IRQHandler
                0x08008ce8                EXTI1_IRQHandler
                0x08008ce8                UART7_IRQHandler
                0x08008ce8                USART2_IRQHandler
                0x08008ce8                I2C2_ER_IRQHandler
                0x08008ce8                DMA2_Stream1_IRQHandler
                0x08008ce8                CAN1_SCE_IRQHandler
                0x08008ce8                FLASH_IRQHandler
                0x08008ce8                DMA2_Stream4_IRQHandler
                0x08008ce8                USART1_IRQHandler
                0x08008ce8                OTG_FS_IRQHandler
                0x08008ce8                SPI3_IRQHandler
                0x08008ce8                DMA1_Stream4_IRQHandler
                0x08008ce8                I2C1_ER_IRQHandler
                0x08008ce8                FMC_IRQHandler
                0x08008ce8                DMA2_Stream6_IRQHandler
                0x08008ce8                SAI1_IRQHandler
                0x08008ce8                DMA1_Stream3_IRQHandler
 *fill*         0x08008cea        0x2 
 .text.__errno  0x08008cec        0xc c:/program files (x86)/atollic/truestudio for stm32 9.0.0/armtools/bin/../lib/gcc/arm-atollic-eabi/6.3.1/../../../../arm-atollic-eabi/lib/armv7e-m/fpu\libc_nano.a(lib_a-errno.o)
                0x08008cec                __errno
 .text.__libc_init_array
                0x08008cf8       0x48 c:/program files (x86)/atollic/truestudio for stm32 9.0.0/armtools/bin/../lib/gcc/arm-atollic-eabi/6.3.1/../../../../arm-atollic-eabi/lib/armv7e-m/fpu\libc_nano.a(lib_a-init.o)
                0x08008cf8                __libc_init_array
 .text.sprintf  0x08008d40       0x48 c:/program files (x86)/atollic/truestudio for stm32 9.0.0/armtools/bin/../lib/gcc/arm-atollic-eabi/6.3.1/../../../../arm-atollic-eabi/lib/armv7e-m/fpu\libc_nano.a(lib_a-sprintf.o)
                0x08008d40                siprintf
                0x08008d40                sprintf
 .text.__ssputs_r
                0x08008d88       0xb6 c:/program files (x86)/atollic/truestudio for stm32 9.0.0/armtools/bin/../lib/gcc/arm-atollic-eabi/6.3.1/../../../../arm-atollic-eabi/lib/armv7e-m/fpu\libc_nano.a(lib_a-nano-svfprintf.o)
                0x08008d88                __ssputs_r
 *fill*         0x08008e3e        0x2 
 .text._svfprintf_r
                0x08008e40      0x1e8 c:/program files (x86)/atollic/truestudio for stm32 9.0.0/armtools/bin/../lib/gcc/arm-atollic-eabi/6.3.1/../../../../arm-atollic-eabi/lib/armv7e-m/fpu\libc_nano.a(lib_a-nano-svfprintf.o)
                0x08008e40                _svfiprintf_r
                0x08008e40                _svfprintf_r
 .text.memmove  0x08009028       0x34 c:/program files (x86)/atollic/truestudio for stm32 9.0.0/armtools/bin/../lib/gcc/arm-atollic-eabi/6.3.1/../../../../arm-atollic-eabi/lib/armv7e-m/fpu\libc_nano.a(lib_a-memmove.o)
                0x08009028                memmove
 .text._realloc_r
                0x0800905c       0x4c c:/program files (x86)/atollic/truestudio for stm32 9.0.0/armtools/bin/../lib/gcc/arm-atollic-eabi/6.3.1/../../../../arm-atollic-eabi/lib/armv7e-m/fpu\libc_nano.a(lib_a-nano-reallocr.o)
                0x0800905c                _realloc_r
 .text._malloc_usable_size_r
                0x080090a8       0x12 c:/program files (x86)/atollic/truestudio for stm32 9.0.0/armtools/bin/../lib/gcc/arm-atollic-eabi/6.3.1/../../../../arm-atollic-eabi/lib/armv7e-m/fpu\libc_nano.a(lib_a-nano-msizer.o)
                0x080090a8                _malloc_usable_size_r
 *fill*         0x080090ba        0x6 
 .text.exp      0x080090c0       0xf8 c:/program files (x86)/atollic/truestudio for stm32 9.0.0/armtools/bin/../lib/gcc/arm-atollic-eabi/6.3.1/../../../../arm-atollic-eabi/lib/armv7e-m/fpu\libm.a(lib_a-w_exp.o)
                0x080090c0                exp
 .text.log      0x080091b8      0x100 c:/program files (x86)/atollic/truestudio for stm32 9.0.0/armtools/bin/../lib/gcc/arm-atollic-eabi/6.3.1/../../../../arm-atollic-eabi/lib/armv7e-m/fpu\libm.a(lib_a-w_log.o)
                0x080091b8                log
 .text.log10    0x080092b8      0x100 c:/program files (x86)/atollic/truestudio for stm32 9.0.0/armtools/bin/../lib/gcc/arm-atollic-eabi/6.3.1/../../../../arm-atollic-eabi/lib/armv7e-m/fpu\libm.a(lib_a-w_log10.o)
                0x080092b8                log10
 .text.__ieee754_exp
                0x080093b8      0x2e4 c:/program files (x86)/atollic/truestudio for stm32 9.0.0/armtools/bin/../lib/gcc/arm-atollic-eabi/6.3.1/../../../../arm-atollic-eabi/lib/armv7e-m/fpu\libm.a(lib_a-e_exp.o)
                0x080093b8                __ieee754_exp
 *fill*         0x0800969c        0x4 
 .text.__ieee754_log
                0x080096a0      0x3b0 c:/program files (x86)/atollic/truestudio for stm32 9.0.0/armtools/bin/../lib/gcc/arm-atollic-eabi/6.3.1/../../../../arm-atollic-eabi/lib/armv7e-m/fpu\libm.a(lib_a-e_log.o)
                0x080096a0                __ieee754_log
 .text.__ieee754_log10
                0x08009a50      0x11c c:/program files (x86)/atollic/truestudio for stm32 9.0.0/armtools/bin/../lib/gcc/arm-atollic-eabi/6.3.1/../../../../arm-atollic-eabi/lib/armv7e-m/fpu\libm.a(lib_a-e_log10.o)
                0x08009a50                __ieee754_log10
 .text.finite   0x08009b6c       0x10 c:/program files (x86)/atollic/truestudio for stm32 9.0.0/armtools/bin/../lib/gcc/arm-atollic-eabi/6.3.1/../../../../arm-atollic-eabi/lib/armv7e-m/fpu\libm.a(lib_a-s_finite.o)
                0x08009b6c                finite
 .text.matherr  0x08009b7c        0x4 c:/program files (x86)/atollic/truestudio for stm32 9.0.0/armtools/bin/../lib/gcc/arm-atollic-eabi/6.3.1/../../../../arm-atollic-eabi/lib/armv7e-m/fpu\libm.a(lib_a-s_matherr.o)
                0x08009b7c                matherr
 .text.nan      0x08009b80       0x10 c:/program files (x86)/atollic/truestudio for stm32 9.0.0/armtools/bin/../lib/gcc/arm-atollic-eabi/6.3.1/../../../../arm-atollic-eabi/lib/armv7e-m/fpu\libm.a(lib_a-s_nan.o)
                0x08009b80                nan
 *(.glue_7)
 .glue_7        0x08009b90        0x0 linker stubs
 *(.glue_7t)
 .glue_7t       0x08009b90        0x0 linker stubs
 *(.eh_frame)
 .eh_frame      0x08009b90        0x0 c:/program files (x86)/atollic/truestudio for stm32 9.0.0/armtools/bin/../lib/gcc/arm-atollic-eabi/6.3.1/armv7e-m/fpu/crtbegin.o
 *(.init)
 .init          0x08009b90        0x4 c:/program files (x86)/atollic/truestudio for stm32 9.0.0/armtools/bin/../lib/gcc/arm-atollic-eabi/6.3.1/armv7e-m/fpu/crti.o
                0x08009b90                _init
 .init          0x08009b94        0x8 c:/program files (x86)/atollic/truestudio for stm32 9.0.0/armtools/bin/../lib/gcc/arm-atollic-eabi/6.3.1/armv7e-m/fpu/crtn.o
 *(.fini)
 .fini          0x08009b9c        0x4 c:/program files (x86)/atollic/truestudio for stm32 9.0.0/armtools/bin/../lib/gcc/arm-atollic-eabi/6.3.1/armv7e-m/fpu/crti.o
                0x08009b9c                _fini
 .fini          0x08009ba0        0x8 c:/program files (x86)/atollic/truestudio for stm32 9.0.0/armtools/bin/../lib/gcc/arm-atollic-eabi/6.3.1/armv7e-m/fpu/crtn.o
                0x08009ba8                . = ALIGN (0x4)
                0x08009ba8                _etext = .

.vfp11_veneer   0x08009ba8        0x0
 .vfp11_veneer  0x08009ba8        0x0 linker stubs

.v4_bx          0x08009ba8        0x0
 .v4_bx         0x08009ba8        0x0 linker stubs

.iplt           0x08009ba8        0x0
 .iplt          0x08009ba8        0x0 c:/program files (x86)/atollic/truestudio for stm32 9.0.0/armtools/bin/../lib/gcc/arm-atollic-eabi/6.3.1/armv7e-m/fpu/crtbegin.o

.rodata         0x08009ba8     0xbb70
                0x08009ba8                . = ALIGN (0x4)
 *(.rodata)
 *(.rodata*)
 .rodata._printf_float.str1.1
                0x08009ba8       0x10 c:/program files (x86)/atollic/truestudio for stm32 9.0.0/armtools/bin/../lib/gcc/arm-atollic-eabi/6.3.1/../../../../arm-atollic-eabi/lib/armv7e-m/fpu\libc_nano.a(lib_a-nano-vfprintf_float.o)
                                 0x12 (size before relaxing)
 .rodata._printf_i.str1.1
                0x08009bb8       0x22 c:/program files (x86)/atollic/truestudio for stm32 9.0.0/armtools/bin/../lib/gcc/arm-atollic-eabi/6.3.1/../../../../arm-atollic-eabi/lib/armv7e-m/fpu\libc_nano.a(lib_a-nano-vfprintf_i.o)
 .rodata._dtoa_r.str1.1
                0x08009bda        0xd c:/program files (x86)/atollic/truestudio for stm32 9.0.0/armtools/bin/../lib/gcc/arm-atollic-eabi/6.3.1/../../../../arm-atollic-eabi/lib/armv7e-m/fpu\libc_nano.a(lib_a-dtoa.o)
                                  0xf (size before relaxing)
 *fill*         0x08009be7        0x1 
 .rodata.__mprec_bigtens
                0x08009be8       0x28 c:/program files (x86)/atollic/truestudio for stm32 9.0.0/armtools/bin/../lib/gcc/arm-atollic-eabi/6.3.1/../../../../arm-atollic-eabi/lib/armv7e-m/fpu\libc_nano.a(lib_a-mprec.o)
                0x08009be8                __mprec_bigtens
 .rodata.__mprec_tens
                0x08009c10       0xc8 c:/program files (x86)/atollic/truestudio for stm32 9.0.0/armtools/bin/../lib/gcc/arm-atollic-eabi/6.3.1/../../../../arm-atollic-eabi/lib/armv7e-m/fpu\libc_nano.a(lib_a-mprec.o)
                0x08009c10                __mprec_tens
 .rodata.p05.7175
                0x08009cd8        0xc c:/program files (x86)/atollic/truestudio for stm32 9.0.0/armtools/bin/../lib/gcc/arm-atollic-eabi/6.3.1/../../../../arm-atollic-eabi/lib/armv7e-m/fpu\libc_nano.a(lib_a-mprec.o)
 .rodata._setlocale_r.str1.1
                0x08009ce4        0x8 c:/program files (x86)/atollic/truestudio for stm32 9.0.0/armtools/bin/../lib/gcc/arm-atollic-eabi/6.3.1/../../../../arm-atollic-eabi/lib/armv7e-m/fpu\libc_nano.a(lib_a-locale.o)
                                  0x9 (size before relaxing)
 .rodata.str1.1
                0x08009cec        0x8 c:/program files (x86)/atollic/truestudio for stm32 9.0.0/armtools/bin/../lib/gcc/arm-atollic-eabi/6.3.1/../../../../arm-atollic-eabi/lib/armv7e-m/fpu\libc_nano.a(lib_a-locale.o)
                                  0x2 (size before relaxing)
 .rodata._ctype_
                0x08009cec      0x101 c:/program files (x86)/atollic/truestudio for stm32 9.0.0/armtools/bin/../lib/gcc/arm-atollic-eabi/6.3.1/../../../../arm-atollic-eabi/lib/armv7e-m/fpu\libc_nano.a(lib_a-ctype_.o)
                0x08009cec                _ctype_
 .rodata.flagBitshiftOffset.9521
                0x08009ded        0x8 Drivers\STM32F4xx_HAL_Driver\Src\stm32f4xx_hal_dma.o
 *fill*         0x08009df5        0x3 
 .rodata.SD_Driver
                0x08009df8       0x14 Middlewares\Third_Party\FatFs\src\drivers\sd_diskio.o
                0x08009df8                SD_Driver
 .rodata.ExCvt  0x08009e0c       0x80 Middlewares\Third_Party\FatFs\src\ff.o
 .rodata.follow_path.str1.1
                0x08009e8c        0xf Middlewares\Third_Party\FatFs\src\ff.o
 *fill*         0x08009e9b        0x1 
 .rodata.armBitRevIndexTable1024
                0x08009e9c      0xe10 Src\arm_common_tables.o
                0x08009e9c                armBitRevIndexTable1024
 .rodata.armBitRevIndexTable128
                0x0800acac      0x1a0 Src\arm_common_tables.o
                0x0800acac                armBitRevIndexTable128
 .rodata.armBitRevIndexTable256
                0x0800ae4c      0x370 Src\arm_common_tables.o
                0x0800ae4c                armBitRevIndexTable256
 .rodata.armBitRevIndexTable512
                0x0800b1bc      0x380 Src\arm_common_tables.o
                0x0800b1bc                armBitRevIndexTable512
 .rodata.armBitRevIndexTable64
                0x0800b53c       0x70 Src\arm_common_tables.o
                0x0800b53c                armBitRevIndexTable64
 .rodata.twiddleCoef_1024
                0x0800b5ac     0x2000 Src\arm_common_tables.o
                0x0800b5ac                twiddleCoef_1024
 .rodata.twiddleCoef_128
                0x0800d5ac      0x400 Src\arm_common_tables.o
                0x0800d5ac                twiddleCoef_128
 .rodata.twiddleCoef_256
                0x0800d9ac      0x800 Src\arm_common_tables.o
                0x0800d9ac                twiddleCoef_256
 .rodata.twiddleCoef_512
                0x0800e1ac     0x1000 Src\arm_common_tables.o
                0x0800e1ac                twiddleCoef_512
 .rodata.twiddleCoef_64
                0x0800f1ac      0x200 Src\arm_common_tables.o
                0x0800f1ac                twiddleCoef_64
 .rodata.arm_cfft_sR_f32_len1024
                0x0800f3ac       0x10 Src\arm_const_structs.o
                0x0800f3ac                arm_cfft_sR_f32_len1024
 .rodata.arm_cfft_sR_f32_len128
                0x0800f3bc       0x10 Src\arm_const_structs.o
                0x0800f3bc                arm_cfft_sR_f32_len128
 .rodata.arm_cfft_sR_f32_len256
                0x0800f3cc       0x10 Src\arm_const_structs.o
                0x0800f3cc                arm_cfft_sR_f32_len256
 .rodata.arm_cfft_sR_f32_len512
                0x0800f3dc       0x10 Src\arm_const_structs.o
                0x0800f3dc                arm_cfft_sR_f32_len512
 .rodata.arm_cfft_sR_f32_len64
                0x0800f3ec       0x10 Src\arm_const_structs.o
                0x0800f3ec                arm_cfft_sR_f32_len64
 *fill*         0x0800f3fc        0x4 
 .rodata.bank   0x0800f400     0x60c0 Src\main.o
                0x0800f400                bank
 .rodata.fft.str1.1
                0x080154c0       0x1e Src\main.o
 .rodata.main.str1.1
                0x080154de      0x151 Src\main.o
                                0x152 (size before relaxing)
 .rodata.HAL_SD_MspInit.str1.1
                0x0801562f       0x1b Src\stm32f4xx_hal_msp.o
 .rodata.AHBPrescTable
                0x0801564a       0x10 Src\system_stm32f4xx.o
                0x0801564a                AHBPrescTable
 .rodata.APBPrescTable
                0x0801565a        0x8 Src\system_stm32f4xx.o
                0x0801565a                APBPrescTable
 *fill*         0x08015662        0x2 
 .rodata.__sf_fake_stderr
                0x08015664       0x20 c:/program files (x86)/atollic/truestudio for stm32 9.0.0/armtools/bin/../lib/gcc/arm-atollic-eabi/6.3.1/../../../../arm-atollic-eabi/lib/armv7e-m/fpu\libc_nano.a(lib_a-findfp.o)
                0x08015664                __sf_fake_stderr
 .rodata.__sf_fake_stdin
                0x08015684       0x20 c:/program files (x86)/atollic/truestudio for stm32 9.0.0/armtools/bin/../lib/gcc/arm-atollic-eabi/6.3.1/../../../../arm-atollic-eabi/lib/armv7e-m/fpu\libc_nano.a(lib_a-findfp.o)
                0x08015684                __sf_fake_stdin
 .rodata.__sf_fake_stdout
                0x080156a4       0x20 c:/program files (x86)/atollic/truestudio for stm32 9.0.0/armtools/bin/../lib/gcc/arm-atollic-eabi/6.3.1/../../../../arm-atollic-eabi/lib/armv7e-m/fpu\libc_nano.a(lib_a-findfp.o)
                0x080156a4                __sf_fake_stdout
 .rodata._svfprintf_r.str1.1
                0x080156c4       0x11 c:/program files (x86)/atollic/truestudio for stm32 9.0.0/armtools/bin/../lib/gcc/arm-atollic-eabi/6.3.1/../../../../arm-atollic-eabi/lib/armv7e-m/fpu\libc_nano.a(lib_a-nano-svfprintf.o)
 .rodata.exp.str1.1
                0x080156d5        0x4 c:/program files (x86)/atollic/truestudio for stm32 9.0.0/armtools/bin/../lib/gcc/arm-atollic-eabi/6.3.1/../../../../arm-atollic-eabi/lib/armv7e-m/fpu\libm.a(lib_a-w_exp.o)
 .rodata.log.str1.1
                0x080156d9        0x4 c:/program files (x86)/atollic/truestudio for stm32 9.0.0/armtools/bin/../lib/gcc/arm-atollic-eabi/6.3.1/../../../../arm-atollic-eabi/lib/armv7e-m/fpu\libm.a(lib_a-w_log.o)
                                  0x5 (size before relaxing)
 .rodata.log10.str1.1
                0x080156dd        0x6 c:/program files (x86)/atollic/truestudio for stm32 9.0.0/armtools/bin/../lib/gcc/arm-atollic-eabi/6.3.1/../../../../arm-atollic-eabi/lib/armv7e-m/fpu\libm.a(lib_a-w_log10.o)
                                  0x7 (size before relaxing)
 *fill*         0x080156e3        0x5 
 .rodata.halF   0x080156e8       0x10 c:/program files (x86)/atollic/truestudio for stm32 9.0.0/armtools/bin/../lib/gcc/arm-atollic-eabi/6.3.1/../../../../arm-atollic-eabi/lib/armv7e-m/fpu\libm.a(lib_a-e_exp.o)
 .rodata.ln2HI  0x080156f8       0x10 c:/program files (x86)/atollic/truestudio for stm32 9.0.0/armtools/bin/../lib/gcc/arm-atollic-eabi/6.3.1/../../../../arm-atollic-eabi/lib/armv7e-m/fpu\libm.a(lib_a-e_exp.o)
 .rodata.ln2LO  0x08015708       0x10 c:/program files (x86)/atollic/truestudio for stm32 9.0.0/armtools/bin/../lib/gcc/arm-atollic-eabi/6.3.1/../../../../arm-atollic-eabi/lib/armv7e-m/fpu\libm.a(lib_a-e_exp.o)
                0x08015718                . = ALIGN (0x4)

.ARM.extab
 *(.ARM.extab* .gnu.linkonce.armextab.*)

.ARM            0x08015718        0x8
                0x08015718                __exidx_start = .
 *(.ARM.exidx*)
 .ARM.exidx     0x08015718        0x8 c:/program files (x86)/atollic/truestudio for stm32 9.0.0/armtools/bin/../lib/gcc/arm-atollic-eabi/6.3.1/armv7e-m/fpu\libgcc.a(_udivmoddi4.o)
                0x08015720                __exidx_end = .

.rel.dyn        0x08015720        0x0
 .rel.iplt      0x08015720        0x0 c:/program files (x86)/atollic/truestudio for stm32 9.0.0/armtools/bin/../lib/gcc/arm-atollic-eabi/6.3.1/armv7e-m/fpu/crtbegin.o

.preinit_array  0x08015720        0x0
                0x08015720                PROVIDE (__preinit_array_start, .)
 *(.preinit_array*)
                0x08015720                PROVIDE (__preinit_array_end, .)

.init_array     0x08015720        0x4
                0x08015720                PROVIDE (__init_array_start, .)
 *(SORT(.init_array.*))
 *(.init_array*)
 .init_array    0x08015720        0x4 c:/program files (x86)/atollic/truestudio for stm32 9.0.0/armtools/bin/../lib/gcc/arm-atollic-eabi/6.3.1/armv7e-m/fpu/crtbegin.o
                0x08015724                PROVIDE (__init_array_end, .)

.fini_array     0x08015724        0x4
                [!provide]                PROVIDE (__fini_array_start, .)
 *(SORT(.fini_array.*))
 *(.fini_array*)
 .fini_array    0x08015724        0x4 c:/program files (x86)/atollic/truestudio for stm32 9.0.0/armtools/bin/../lib/gcc/arm-atollic-eabi/6.3.1/armv7e-m/fpu/crtbegin.o
                [!provide]                PROVIDE (__fini_array_end, .)
                0x08015728                _sidata = LOADADDR (.data)

.data           0x20000000     0x85a0 load address 0x08015728
                0x20000000                . = ALIGN (0x4)
                0x20000000                _sdata = .
 *(.data)
 *(.data*)
 .data._impure_ptr
                0x20000000        0x4 c:/program files (x86)/atollic/truestudio for stm32 9.0.0/armtools/bin/../lib/gcc/arm-atollic-eabi/6.3.1/../../../../arm-atollic-eabi/lib/armv7e-m/fpu\libc_nano.a(lib_a-impure.o)
                0x20000000                _impure_ptr
 .data.impure_data
                0x20000004       0x60 c:/program files (x86)/atollic/truestudio for stm32 9.0.0/armtools/bin/../lib/gcc/arm-atollic-eabi/6.3.1/../../../../arm-atollic-eabi/lib/armv7e-m/fpu\libc_nano.a(lib_a-impure.o)
 .data.__global_locale
                0x20000064      0x16c c:/program files (x86)/atollic/truestudio for stm32 9.0.0/armtools/bin/../lib/gcc/arm-atollic-eabi/6.3.1/../../../../arm-atollic-eabi/lib/armv7e-m/fpu\libc_nano.a(lib_a-locale.o)
                0x20000064                __global_locale
 .data.__heap_limit
                0x200001d0        0x4 c:/program files (x86)/atollic/truestudio for stm32 9.0.0/armtools/bin/../lib/gcc/arm-atollic-eabi/6.3.1/../../../../arm-atollic-eabi/lib/armv7e-m/fpu\librdimon_nano.a(rdimon-syscalls.o)
                0x200001d0                __heap_limit
 .data.Stat     0x200001d4        0x1 Middlewares\Third_Party\FatFs\src\drivers\sd_diskio.o
 .data.NoOfFilters
                0x200001d5        0x1 Src\main.o
                0x200001d5                NoOfFilters
 *fill*         0x200001d6        0x2 
 .data.WeightHO
                0x200001d8      0x870 Src\main.o
                0x200001d8                WeightHO
 .data.WeightIH
                0x20000a48     0x6540 Src\main.o
                0x20000a48                WeightIH
 .data.biases1  0x20006f88      0x2d0 Src\main.o
                0x20006f88                biases1
 .data.biases2  0x20007258       0x18 Src\main.o
                0x20007258                biases2
 .data.buffSelect
                0x20007270        0x1 Src\main.o
                0x20007270                buffSelect
 *fill*         0x20007271        0x7 
 .data.dctcoef  0x20007278     0x1200 Src\main.o
                0x20007278                dctcoef
 .data.doBitReverse
                0x20008478        0x4 Src\main.o
                0x20008478                doBitReverse
 .data.fftSize  0x2000847c        0x4 Src\main.o
                0x2000847c                fftSize
 .data.hamming  0x20008480      0x100 Src\main.o
                0x20008480                hamming
 .data.name     0x20008580        0x8 Src\main.o
                0x20008580                name
 .data.name1    0x20008588        0x9 Src\main.o
                0x20008588                name1
 *fill*         0x20008591        0x3 
 .data.xmax     0x20008594        0x4 Src\main.o
                0x20008594                xmax
 .data.SystemCoreClock
                0x20008598        0x4 Src\system_stm32f4xx.o
                0x20008598                SystemCoreClock
 .data.__fdlib_version
                0x2000859c        0x1 c:/program files (x86)/atollic/truestudio for stm32 9.0.0/armtools/bin/../lib/gcc/arm-atollic-eabi/6.3.1/../../../../arm-atollic-eabi/lib/armv7e-m/fpu\libm.a(lib_a-s_lib_ver.o)
                0x2000859c                __fdlib_version
                0x200085a0                . = ALIGN (0x4)
 *fill*         0x2000859d        0x3 
                0x200085a0                _edata = .
                0x0801dcc8                _siccmram = LOADADDR (.ccmram)

.igot.plt       0x200085a0        0x0 load address 0x0801dcc8
 .igot.plt      0x200085a0        0x0 c:/program files (x86)/atollic/truestudio for stm32 9.0.0/armtools/bin/../lib/gcc/arm-atollic-eabi/6.3.1/armv7e-m/fpu/crtbegin.o

.ccmram         0x10000000        0x0 load address 0x0801dcc8
                0x10000000                . = ALIGN (0x4)
                0x10000000                _sccmram = .
 *(.ccmram)
 *(.ccmram*)
                0x10000000                . = ALIGN (0x4)
                0x10000000                _eccmram = .
                0x10000000                . = ALIGN (0x4)

.bss            0x200085a0      0xa18
                0x200085a0                _sbss = .
                0x200085a0                __bss_start__ = _sbss
 *(.bss)
 .bss           0x200085a0       0x1c c:/program files (x86)/atollic/truestudio for stm32 9.0.0/armtools/bin/../lib/gcc/arm-atollic-eabi/6.3.1/armv7e-m/fpu/crtbegin.o
 *(.bss*)
 .bss.__malloc_free_list
                0x200085bc        0x4 c:/program files (x86)/atollic/truestudio for stm32 9.0.0/armtools/bin/../lib/gcc/arm-atollic-eabi/6.3.1/../../../../arm-atollic-eabi/lib/armv7e-m/fpu\libc_nano.a(lib_a-nano-mallocr.o)
                0x200085bc                __malloc_free_list
 .bss.__malloc_sbrk_start
                0x200085c0        0x4 c:/program files (x86)/atollic/truestudio for stm32 9.0.0/armtools/bin/../lib/gcc/arm-atollic-eabi/6.3.1/../../../../arm-atollic-eabi/lib/armv7e-m/fpu\libc_nano.a(lib_a-nano-mallocr.o)
                0x200085c0                __malloc_sbrk_start
 .bss.heap_end.7284
                0x200085c4        0x4 c:/program files (x86)/atollic/truestudio for stm32 9.0.0/armtools/bin/../lib/gcc/arm-atollic-eabi/6.3.1/../../../../arm-atollic-eabi/lib/armv7e-m/fpu\librdimon_nano.a(rdimon-syscalls.o)
 .bss.FatFs     0x200085c8        0x4 Middlewares\Third_Party\FatFs\src\ff.o
 .bss.Files     0x200085cc       0x18 Middlewares\Third_Party\FatFs\src\ff.o
 .bss.Fsid      0x200085e4        0x2 Middlewares\Third_Party\FatFs\src\ff.o
 *fill*         0x200085e6        0x2 
 .bss.disk      0x200085e8        0xc Middlewares\Third_Party\FatFs\src\ff_gen_drv.o
                0x200085e8                disk
 .bss._lcd_char
                0x200085f4        0x1 Src\lcd.o
                0x200085f4                _lcd_char
 .bss._lcd_line
                0x200085f5        0x1 Src\lcd.o
                0x200085f5                _lcd_line
 .bss.buff1full
                0x200085f6        0x1 Src\main.o
                0x200085f6                buff1full
 *fill*         0x200085f7        0x1 
 .bss.buffIndex
                0x200085f8        0x4 Src\main.o
                0x200085f8                buffIndex
 .bss.doneRec   0x200085fc        0x1 Src\main.o
                0x200085fc                doneRec
 .bss.ifftFlag  0x200085fd        0x1 Src\main.o
                0x200085fd                ifftFlag
 *fill*         0x200085fe        0x2 
 .bss.user1     0x20008600        0x4 Src\main.o
                0x20008600                user1
 .bss.user2     0x20008604        0x4 Src\main.o
                0x20008604                user2
 .bss.user3     0x20008608        0x4 Src\main.o
                0x20008608                user3
 *(COMMON)
 COMMON         0x2000860c        0x4 c:/program files (x86)/atollic/truestudio for stm32 9.0.0/armtools/bin/../lib/gcc/arm-atollic-eabi/6.3.1/../../../../arm-atollic-eabi/lib/armv7e-m/fpu\libc_nano.a(lib_a-reent.o)
                0x2000860c                errno
 COMMON         0x20008610        0x4 Drivers\STM32F4xx_HAL_Driver\Src\stm32f4xx_hal.o
                0x20008610                uwTick
 COMMON         0x20008614        0x5 Src\fatfs.o
                0x20008614                retSD
                0x20008615                SD_Path
 *fill*         0x20008619        0x3 
 COMMON         0x2000861c        0x8 Src\lcd.o
                0x2000861c                lcd_chars
                0x2000861d                lcd_lines
                0x20008620                lcd_line_addresses
 COMMON         0x20008624      0x994 Src\main.o
                0x20008624                hdma_sdio
                0x20008684                fp
                0x200088b0                fs
                0x20008ae0                fbuffer
                0x20008ae4                aTxBuffer1
                0x20008ae8                id
                0x20008aec                hadc1
                0x20008b34                huart1
                0x20008b74                htim1
                0x20008bb0                stored
                0x20008bb4                hsd
                0x20008c38                hspi1
                0x20008c90                htim2
                0x20008ccc                hdma_spi1_rx
                0x20008d2c                hdma_spi1_tx
                0x20008d8c                fp1
                0x20008fb8                . = ALIGN (0x4)
                0x20008fb8                _ebss = .
                0x20008fb8                __bss_end__ = _ebss

._user_heap_stack
                0x20008fb8      0x600
                0x20008fb8                . = ALIGN (0x4)
                0x20008fb8                PROVIDE (end, .)
                [!provide]                PROVIDE (_end, .)
                0x200091b8                . = (. + _Min_Heap_Size)
 *fill*         0x20008fb8      0x200 
                0x200095b8                . = (. + _Min_Stack_Size)
 *fill*         0x200091b8      0x400 
                0x200095b8                . = ALIGN (0x4)

/DISCARD/
 libc.a(*)
 libm.a(*)
 libgcc.a(*)

.ARM.attributes
                0x00000000       0x30
 *(.ARM.attributes)
 .ARM.attributes
                0x00000000       0x22 c:/program files (x86)/atollic/truestudio for stm32 9.0.0/armtools/bin/../lib/gcc/arm-atollic-eabi/6.3.1/armv7e-m/fpu/crti.o
 .ARM.attributes
                0x00000022       0x34 c:/program files (x86)/atollic/truestudio for stm32 9.0.0/armtools/bin/../lib/gcc/arm-atollic-eabi/6.3.1/armv7e-m/fpu/crtbegin.o
 .ARM.attributes
                0x00000056       0x34 c:/program files (x86)/atollic/truestudio for stm32 9.0.0/armtools/bin/../lib/gcc/arm-atollic-eabi/6.3.1/../../../../arm-atollic-eabi/lib/armv7e-m/fpu\libc_nano.a(lib_a-nano-vfprintf_float.o)
 .ARM.attributes
                0x0000008a       0x34 c:/program files (x86)/atollic/truestudio for stm32 9.0.0/armtools/bin/../lib/gcc/arm-atollic-eabi/6.3.1/../../../../arm-atollic-eabi/lib/armv7e-m/fpu\libc_nano.a(lib_a-nano-vfprintf_i.o)
 .ARM.attributes
                0x000000be       0x1b c:/program files (x86)/atollic/truestudio for stm32 9.0.0/armtools/bin/../lib/gcc/arm-atollic-eabi/6.3.1/../../../../arm-atollic-eabi/lib/armv7e-m/fpu\libc_nano.a(lib_a-strlen.o)
 .ARM.attributes
                0x000000d9       0x34 c:/program files (x86)/atollic/truestudio for stm32 9.0.0/armtools/bin/../lib/gcc/arm-atollic-eabi/6.3.1/../../../../arm-atollic-eabi/lib/armv7e-m/fpu\libc_nano.a(lib_a-dtoa.o)
 .ARM.attributes
                0x0000010d       0x34 c:/program files (x86)/atollic/truestudio for stm32 9.0.0/armtools/bin/../lib/gcc/arm-atollic-eabi/6.3.1/../../../../arm-atollic-eabi/lib/armv7e-m/fpu\libc_nano.a(lib_a-localeconv.o)
 .ARM.attributes
                0x00000141       0x34 c:/program files (x86)/atollic/truestudio for stm32 9.0.0/armtools/bin/../lib/gcc/arm-atollic-eabi/6.3.1/../../../../arm-atollic-eabi/lib/armv7e-m/fpu\libc_nano.a(lib_a-malloc.o)
 .ARM.attributes
                0x00000175       0x20 c:/program files (x86)/atollic/truestudio for stm32 9.0.0/armtools/bin/../lib/gcc/arm-atollic-eabi/6.3.1/../../../../arm-atollic-eabi/lib/armv7e-m/fpu\libc_nano.a(lib_a-memchr.o)
 .ARM.attributes
                0x00000195       0x34 c:/program files (x86)/atollic/truestudio for stm32 9.0.0/armtools/bin/../lib/gcc/arm-atollic-eabi/6.3.1/../../../../arm-atollic-eabi/lib/armv7e-m/fpu\libc_nano.a(lib_a-memcpy-stub.o)
 .ARM.attributes
                0x000001c9       0x34 c:/program files (x86)/atollic/truestudio for stm32 9.0.0/armtools/bin/../lib/gcc/arm-atollic-eabi/6.3.1/../../../../arm-atollic-eabi/lib/armv7e-m/fpu\libc_nano.a(lib_a-mprec.o)
 .ARM.attributes
                0x000001fd       0x34 c:/program files (x86)/atollic/truestudio for stm32 9.0.0/armtools/bin/../lib/gcc/arm-atollic-eabi/6.3.1/../../../../arm-atollic-eabi/lib/armv7e-m/fpu\libc_nano.a(lib_a-nano-callocr.o)
 .ARM.attributes
                0x00000231       0x34 c:/program files (x86)/atollic/truestudio for stm32 9.0.0/armtools/bin/../lib/gcc/arm-atollic-eabi/6.3.1/../../../../arm-atollic-eabi/lib/armv7e-m/fpu\libc_nano.a(lib_a-nano-freer.o)
 .ARM.attributes
                0x00000265       0x34 c:/program files (x86)/atollic/truestudio for stm32 9.0.0/armtools/bin/../lib/gcc/arm-atollic-eabi/6.3.1/../../../../arm-atollic-eabi/lib/armv7e-m/fpu\libc_nano.a(lib_a-nano-mallocr.o)
 .ARM.attributes
                0x00000299       0x34 c:/program files (x86)/atollic/truestudio for stm32 9.0.0/armtools/bin/../lib/gcc/arm-atollic-eabi/6.3.1/../../../../arm-atollic-eabi/lib/armv7e-m/fpu\libc_nano.a(lib_a-sbrkr.o)
 .ARM.attributes
                0x000002cd       0x34 c:/program files (x86)/atollic/truestudio for stm32 9.0.0/armtools/bin/../lib/gcc/arm-atollic-eabi/6.3.1/../../../../arm-atollic-eabi/lib/armv7e-m/fpu\libc_nano.a(lib_a-impure.o)
 .ARM.attributes
                0x00000301       0x34 c:/program files (x86)/atollic/truestudio for stm32 9.0.0/armtools/bin/../lib/gcc/arm-atollic-eabi/6.3.1/../../../../arm-atollic-eabi/lib/armv7e-m/fpu\libc_nano.a(lib_a-locale.o)
 .ARM.attributes
                0x00000335       0x34 c:/program files (x86)/atollic/truestudio for stm32 9.0.0/armtools/bin/../lib/gcc/arm-atollic-eabi/6.3.1/../../../../arm-atollic-eabi/lib/armv7e-m/fpu\libc_nano.a(lib_a-mbtowc_r.o)
 .ARM.attributes
                0x00000369       0x34 c:/program files (x86)/atollic/truestudio for stm32 9.0.0/armtools/bin/../lib/gcc/arm-atollic-eabi/6.3.1/../../../../arm-atollic-eabi/lib/armv7e-m/fpu\libc_nano.a(lib_a-memset.o)
 .ARM.attributes
                0x0000039d       0x34 c:/program files (x86)/atollic/truestudio for stm32 9.0.0/armtools/bin/../lib/gcc/arm-atollic-eabi/6.3.1/../../../../arm-atollic-eabi/lib/armv7e-m/fpu\libc_nano.a(lib_a-mlock.o)
 .ARM.attributes
                0x000003d1       0x34 c:/program files (x86)/atollic/truestudio for stm32 9.0.0/armtools/bin/../lib/gcc/arm-atollic-eabi/6.3.1/../../../../arm-atollic-eabi/lib/armv7e-m/fpu\libc_nano.a(lib_a-reent.o)
 .ARM.attributes
                0x00000405       0x34 c:/program files (x86)/atollic/truestudio for stm32 9.0.0/armtools/bin/../lib/gcc/arm-atollic-eabi/6.3.1/../../../../arm-atollic-eabi/lib/armv7e-m/fpu\libc_nano.a(lib_a-wctomb_r.o)
 .ARM.attributes
                0x00000439       0x34 c:/program files (x86)/atollic/truestudio for stm32 9.0.0/armtools/bin/../lib/gcc/arm-atollic-eabi/6.3.1/../../../../arm-atollic-eabi/lib/armv7e-m/fpu\libc_nano.a(lib_a-ctype_.o)
 .ARM.attributes
                0x0000046d       0x34 c:/program files (x86)/atollic/truestudio for stm32 9.0.0/armtools/bin/../lib/gcc/arm-atollic-eabi/6.3.1/../../../../arm-atollic-eabi/lib/armv7e-m/fpu\librdimon_nano.a(rdimon-syscalls.o)
 .ARM.attributes
                0x000004a1       0x39 Drivers\STM32F4xx_HAL_Driver\Src\stm32f4xx_hal.o
 .ARM.attributes
                0x000004da       0x39 Drivers\STM32F4xx_HAL_Driver\Src\stm32f4xx_hal_adc.o
 .ARM.attributes
                0x00000513       0x39 Drivers\STM32F4xx_HAL_Driver\Src\stm32f4xx_hal_cortex.o
 .ARM.attributes
                0x0000054c       0x39 Drivers\STM32F4xx_HAL_Driver\Src\stm32f4xx_hal_dma.o
 .ARM.attributes
                0x00000585       0x39 Drivers\STM32F4xx_HAL_Driver\Src\stm32f4xx_hal_gpio.o
 .ARM.attributes
                0x000005be       0x39 Drivers\STM32F4xx_HAL_Driver\Src\stm32f4xx_hal_pwr_ex.o
 .ARM.attributes
                0x000005f7       0x39 Drivers\STM32F4xx_HAL_Driver\Src\stm32f4xx_hal_rcc.o
 .ARM.attributes
                0x00000630       0x39 Drivers\STM32F4xx_HAL_Driver\Src\stm32f4xx_hal_sd.o
 .ARM.attributes
                0x00000669       0x39 Drivers\STM32F4xx_HAL_Driver\Src\stm32f4xx_hal_spi.o
 .ARM.attributes
                0x000006a2       0x39 Drivers\STM32F4xx_HAL_Driver\Src\stm32f4xx_hal_tim.o
 .ARM.attributes
                0x000006db       0x39 Drivers\STM32F4xx_HAL_Driver\Src\stm32f4xx_hal_tim_ex.o
 .ARM.attributes
                0x00000714       0x39 Drivers\STM32F4xx_HAL_Driver\Src\stm32f4xx_hal_uart.o
 .ARM.attributes
                0x0000074d       0x39 Drivers\STM32F4xx_HAL_Driver\Src\stm32f4xx_ll_sdmmc.o
 .ARM.attributes
                0x00000786       0x39 Middlewares\Third_Party\FatFs\src\diskio.o
 .ARM.attributes
                0x000007bf       0x39 Middlewares\Third_Party\FatFs\src\drivers\sd_diskio.o
 .ARM.attributes
                0x000007f8       0x39 Middlewares\Third_Party\FatFs\src\ff.o
 .ARM.attributes
                0x00000831       0x39 Middlewares\Third_Party\FatFs\src\ff_gen_drv.o
 .ARM.attributes
                0x0000086a       0x39 Src\arm_abs_f32.o
 .ARM.attributes
                0x000008a3       0x25 Src\arm_bitreversal2.o
 .ARM.attributes
                0x000008c8       0x39 Src\arm_common_tables.o
 .ARM.attributes
                0x00000901       0x39 Src\arm_const_structs.o
 .ARM.attributes
                0x0000093a       0x39 Src\bsp_driver_sd.o
 .ARM.attributes
                0x00000973       0x39 Src\fatfs.o
 .ARM.attributes
                0x000009ac       0x39 Src\fft.o
 .ARM.attributes
                0x000009e5       0x39 Src\lcd.o
 .ARM.attributes
                0x00000a1e       0x39 Src\main.o
 .ARM.attributes
                0x00000a57       0x39 Src\stm32f4xx_hal_msp.o
 .ARM.attributes
                0x00000a90       0x39 Src\stm32f4xx_it.o
 .ARM.attributes
                0x00000ac9       0x39 Src\system_stm32f4xx.o
 .ARM.attributes
                0x00000b02       0x21 startup\startup_stm32f429xx.o
 .ARM.attributes
                0x00000b23       0x34 c:/program files (x86)/atollic/truestudio for stm32 9.0.0/armtools/bin/../lib/gcc/arm-atollic-eabi/6.3.1/../../../../arm-atollic-eabi/lib/armv7e-m/fpu\libc_nano.a(lib_a-errno.o)
 .ARM.attributes
                0x00000b57       0x34 c:/program files (x86)/atollic/truestudio for stm32 9.0.0/armtools/bin/../lib/gcc/arm-atollic-eabi/6.3.1/../../../../arm-atollic-eabi/lib/armv7e-m/fpu\libc_nano.a(lib_a-findfp.o)
 .ARM.attributes
                0x00000b8b       0x34 c:/program files (x86)/atollic/truestudio for stm32 9.0.0/armtools/bin/../lib/gcc/arm-atollic-eabi/6.3.1/../../../../arm-atollic-eabi/lib/armv7e-m/fpu\libc_nano.a(lib_a-init.o)
 .ARM.attributes
                0x00000bbf       0x34 c:/program files (x86)/atollic/truestudio for stm32 9.0.0/armtools/bin/../lib/gcc/arm-atollic-eabi/6.3.1/../../../../arm-atollic-eabi/lib/armv7e-m/fpu\libc_nano.a(lib_a-sprintf.o)
 .ARM.attributes
                0x00000bf3       0x34 c:/program files (x86)/atollic/truestudio for stm32 9.0.0/armtools/bin/../lib/gcc/arm-atollic-eabi/6.3.1/../../../../arm-atollic-eabi/lib/armv7e-m/fpu\libc_nano.a(lib_a-nano-svfprintf.o)
 .ARM.attributes
                0x00000c27       0x34 c:/program files (x86)/atollic/truestudio for stm32 9.0.0/armtools/bin/../lib/gcc/arm-atollic-eabi/6.3.1/../../../../arm-atollic-eabi/lib/armv7e-m/fpu\libc_nano.a(lib_a-memmove.o)
 .ARM.attributes
                0x00000c5b       0x34 c:/program files (x86)/atollic/truestudio for stm32 9.0.0/armtools/bin/../lib/gcc/arm-atollic-eabi/6.3.1/../../../../arm-atollic-eabi/lib/armv7e-m/fpu\libc_nano.a(lib_a-nano-reallocr.o)
 .ARM.attributes
                0x00000c8f       0x34 c:/program files (x86)/atollic/truestudio for stm32 9.0.0/armtools/bin/../lib/gcc/arm-atollic-eabi/6.3.1/../../../../arm-atollic-eabi/lib/armv7e-m/fpu\libc_nano.a(lib_a-nano-msizer.o)
 .ARM.attributes
                0x00000cc3       0x34 c:/program files (x86)/atollic/truestudio for stm32 9.0.0/armtools/bin/../lib/gcc/arm-atollic-eabi/6.3.1/../../../../arm-atollic-eabi/lib/armv7e-m/fpu\libm.a(lib_a-w_exp.o)
 .ARM.attributes
                0x00000cf7       0x34 c:/program files (x86)/atollic/truestudio for stm32 9.0.0/armtools/bin/../lib/gcc/arm-atollic-eabi/6.3.1/../../../../arm-atollic-eabi/lib/armv7e-m/fpu\libm.a(lib_a-w_log.o)
 .ARM.attributes
                0x00000d2b       0x34 c:/program files (x86)/atollic/truestudio for stm32 9.0.0/armtools/bin/../lib/gcc/arm-atollic-eabi/6.3.1/../../../../arm-atollic-eabi/lib/armv7e-m/fpu\libm.a(lib_a-w_log10.o)
 .ARM.attributes
                0x00000d5f       0x34 c:/program files (x86)/atollic/truestudio for stm32 9.0.0/armtools/bin/../lib/gcc/arm-atollic-eabi/6.3.1/../../../../arm-atollic-eabi/lib/armv7e-m/fpu\libm.a(lib_a-e_exp.o)
 .ARM.attributes
                0x00000d93       0x34 c:/program files (x86)/atollic/truestudio for stm32 9.0.0/armtools/bin/../lib/gcc/arm-atollic-eabi/6.3.1/../../../../arm-atollic-eabi/lib/armv7e-m/fpu\libm.a(lib_a-e_log.o)
 .ARM.attributes
                0x00000dc7       0x34 c:/program files (x86)/atollic/truestudio for stm32 9.0.0/armtools/bin/../lib/gcc/arm-atollic-eabi/6.3.1/../../../../arm-atollic-eabi/lib/armv7e-m/fpu\libm.a(lib_a-e_log10.o)
 .ARM.attributes
                0x00000dfb       0x34 c:/program files (x86)/atollic/truestudio for stm32 9.0.0/armtools/bin/../lib/gcc/arm-atollic-eabi/6.3.1/../../../../arm-atollic-eabi/lib/armv7e-m/fpu\libm.a(lib_a-s_finite.o)
 .ARM.attributes
                0x00000e2f       0x34 c:/program files (x86)/atollic/truestudio for stm32 9.0.0/armtools/bin/../lib/gcc/arm-atollic-eabi/6.3.1/../../../../arm-atollic-eabi/lib/armv7e-m/fpu\libm.a(lib_a-s_lib_ver.o)
 .ARM.attributes
                0x00000e63       0x34 c:/program files (x86)/atollic/truestudio for stm32 9.0.0/armtools/bin/../lib/gcc/arm-atollic-eabi/6.3.1/../../../../arm-atollic-eabi/lib/armv7e-m/fpu\libm.a(lib_a-s_matherr.o)
 .ARM.attributes
                0x00000e97       0x34 c:/program files (x86)/atollic/truestudio for stm32 9.0.0/armtools/bin/../lib/gcc/arm-atollic-eabi/6.3.1/../../../../arm-atollic-eabi/lib/armv7e-m/fpu\libm.a(lib_a-s_nan.o)
 .ARM.attributes
                0x00000ecb       0x22 c:/program files (x86)/atollic/truestudio for stm32 9.0.0/armtools/bin/../lib/gcc/arm-atollic-eabi/6.3.1/armv7e-m/fpu\libgcc.a(_arm_addsubdf3.o)
 .ARM.attributes
                0x00000eed       0x22 c:/program files (x86)/atollic/truestudio for stm32 9.0.0/armtools/bin/../lib/gcc/arm-atollic-eabi/6.3.1/armv7e-m/fpu\libgcc.a(_arm_muldivdf3.o)
 .ARM.attributes
                0x00000f0f       0x22 c:/program files (x86)/atollic/truestudio for stm32 9.0.0/armtools/bin/../lib/gcc/arm-atollic-eabi/6.3.1/armv7e-m/fpu\libgcc.a(_arm_cmpdf2.o)
 .ARM.attributes
                0x00000f31       0x22 c:/program files (x86)/atollic/truestudio for stm32 9.0.0/armtools/bin/../lib/gcc/arm-atollic-eabi/6.3.1/armv7e-m/fpu\libgcc.a(_arm_unorddf2.o)
 .ARM.attributes
                0x00000f53       0x22 c:/program files (x86)/atollic/truestudio for stm32 9.0.0/armtools/bin/../lib/gcc/arm-atollic-eabi/6.3.1/armv7e-m/fpu\libgcc.a(_arm_fixdfsi.o)
 .ARM.attributes
                0x00000f75       0x22 c:/program files (x86)/atollic/truestudio for stm32 9.0.0/armtools/bin/../lib/gcc/arm-atollic-eabi/6.3.1/armv7e-m/fpu\libgcc.a(_arm_truncdfsf2.o)
 .ARM.attributes
                0x00000f97       0x22 c:/program files (x86)/atollic/truestudio for stm32 9.0.0/armtools/bin/../lib/gcc/arm-atollic-eabi/6.3.1/armv7e-m/fpu\libgcc.a(_aeabi_uldivmod.o)
 .ARM.attributes
                0x00000fb9       0x34 c:/program files (x86)/atollic/truestudio for stm32 9.0.0/armtools/bin/../lib/gcc/arm-atollic-eabi/6.3.1/armv7e-m/fpu\libgcc.a(_udivmoddi4.o)
 .ARM.attributes