stm32f4xx_it.c:65:6:NMI_Handler	0	static
stm32f4xx_it.c:78:6:HardFault_Handler	0	static
stm32f4xx_it.c:94:6:MemManage_Handler	0	static
stm32f4xx_it.c:110:6:BusFault_Handler	0	static
stm32f4xx_it.c:126:6:UsageFault_Handler	0	static
stm32f4xx_it.c:142:6:SVC_Handler	0	static
stm32f4xx_it.c:155:6:DebugMon_Handler	0	static
stm32f4xx_it.c:168:6:PendSV_Handler	0	static
stm32f4xx_it.c:181:6:SysTick_Handler	8	static
stm32f4xx_it.c:203:6:TIM2_IRQHandler	24	static
stm32f4xx_it.c:251:6:SDIO_IRQHandler	0	static
stm32f4xx_it.c:265:6:DMA2_Stream0_IRQHandler	0	static
stm32f4xx_it.c:279:6:DMA2_Stream3_IRQHandler	0	static
stm32f4xx_it.c:293:6:DMA2_Stream5_IRQHandler	0	static
