stm32f4xx_hal_msp.c:65:6:HAL_MspInit	8	static
stm32f4xx_hal_msp.c:94:6:HAL_ADC_MspInit	32	static
stm32f4xx_hal_msp.c:121:6:HAL_ADC_MspDeInit	0	static
stm32f4xx_hal_msp.c:144:6:HAL_SD_MspInit	56	static
stm32f4xx_hal_msp.c:217:6:HAL_SD_MspDeInit	8	static
stm32f4xx_hal_msp.c:254:6:HAL_SPI_MspInit	40	static
stm32f4xx_hal_msp.c:322:6:HAL_SPI_MspDeInit	8	static
stm32f4xx_hal_msp.c:350:6:HAL_TIM_Base_MspInit	16	static
stm32f4xx_hal_msp.c:381:6:HAL_TIM_Base_MspDeInit	0	static
stm32f4xx_hal_msp.c:412:6:HAL_UART_MspInit	32	static
stm32f4xx_hal_msp.c:442:6:HAL_UART_MspDeInit	0	static
